23:36:21 **** Incremental Build of configuration Debug for project BEA_CAN2CAN_DEMO_TEN1HC_HUST ****
make -j32 all 
arm-none-eabi-size  BEA_CAN2CAN_DEMO_TEN1HC_HUST.elf 
   text	   data	    bss	    dec	    hex	filename
  27352	    176	   6520	  34048	   8500	BEA_CAN2CAN_DEMO_TEN1HC_HUST.elf
Finished building: default.size.stdout
 
23:36:23 **** Incremental Build of configuration Debug for project BEA_CAN2CAN_DEMO_TEN1HC_HUST ****
make -j32 all 
arm-none-eabi-size  BEA_CAN2CAN_DEMO_TEN1HC_HUST.elf 
   text	   data	    bss	    dec	    hex	filename
  27352	    176	   6520	  34048	   8500	BEA_CAN2CAN_DEMO_TEN1HC_HUST.elf
Finished building: default.size.stdout
 
