16:13:13 **** Incremental Build of configuration Debug for project BEA_CAN2CAN_DEMO_TEN1HC_HUST ****
make -j32 all 
arm-none-eabi-gcc "../Core/Src/dcm.c" -mcpu=cortex-m4 -std=gnu11 -g3 -DDEBUG -DUSE_HAL_DRIVER -DSTM32F405xx -c -I../Core/Inc -I../Drivers/STM32F4xx_HAL_Driver/Inc -I../Drivers/STM32F4xx_HAL_Driver/Inc/Legacy -I../Drivers/CMSIS/Device/ST/STM32F4xx/Include -I../Drivers/CMSIS/Include -O0 -ffunction-sections -fdata-sections -Wall -fstack-usage -fcyclomatic-complexity -MMD -MP -MF"Core/Src/dcm.d" -MT"Core/Src/dcm.o" --specs=nano.specs -mfpu=fpv4-sp-d16 -mfloat-abi=hard -mthumb -o "Core/Src/dcm.o"
arm-none-eabi-gcc -o "BEA_CAN2CAN_DEMO_TEN1HC_HUST.elf" @"objects.list"   -mcpu=cortex-m4 -T"D:\1.SEMESTER_HUST\2.SEMESTER_20243\2.Bosch_Summer_Course\practice2\BEA_CAN2CAN_DEMO_TEN1HC_HUST\STM32F405RGTX_FLASH.ld" --specs=nosys.specs -Wl,-Map="BEA_CAN2CAN_DEMO_TEN1HC_HUST.map" -Wl,--gc-sections -static --specs=nano.specs -mfpu=fpv4-sp-d16 -mfloat-abi=hard -mthumb -Wl,--start-group -lc -lm -Wl,--end-group
C:/ST/STM32CubeIDE_1.19.0/STM32CubeIDE/plugins/com.st.stm32cube.ide.mcu.externaltools.gnu-tools-for-stm32.13.3.rel1.win32_1.0.0.202411081344/tools/bin/../lib/gcc/arm-none-eabi/13.3.1/../../../../arm-none-eabi/bin/ld.exe: warning: BEA_CAN2CAN_DEMO_TEN1HC_HUST.elf has a LOAD segment with RWX permissions
Finished building target: BEA_CAN2CAN_DEMO_TEN1HC_HUST.elf
 
arm-none-eabi-size  BEA_CAN2CAN_DEMO_TEN1HC_HUST.elf 
arm-none-eabi-objdump -h -S BEA_CAN2CAN_DEMO_TEN1HC_HUST.elf  > "BEA_CAN2CAN_DEMO_TEN1HC_HUST.list"
arm-none-eabi-objcopy  -O ihex BEA_CAN2CAN_DEMO_TEN1HC_HUST.elf  "BEA_CAN2CAN_DEMO_TEN1HC_HUST.hex"
   text	   data	    bss	    dec	    hex	filename
  20908	    136	   6472	  27516	   6b7c	BEA_CAN2CAN_DEMO_TEN1HC_HUST.elf
Finished building: default.size.stdout
 
Finished building: BEA_CAN2CAN_DEMO_TEN1HC_HUST.hex
 
Finished building: BEA_CAN2CAN_DEMO_TEN1HC_HUST.list
 

16:13:14 Build Finished. 0 errors, 1 warnings. (took 1s.354ms)

