Archive member included to satisfy reference by file (symbol)

C:/ST/STM32CubeIDE_1.19.0/STM32CubeIDE/plugins/com.st.stm32cube.ide.mcu.externaltools.gnu-tools-for-stm32.13.3.rel1.win32_1.0.0.202411081344/tools/bin/../lib/gcc/arm-none-eabi/13.3.1/../../../../arm-none-eabi/lib/thumb/v7e-m+fp/hard\libc_nano.a(libc_a-exit.o)
                              C:/ST/STM32CubeIDE_1.19.0/STM32CubeIDE/plugins/com.st.stm32cube.ide.mcu.externaltools.gnu-tools-for-stm32.13.3.rel1.win32_1.0.0.202411081344/tools/bin/../lib/gcc/arm-none-eabi/13.3.1/../../../../arm-none-eabi/lib/thumb/v7e-m+fp/hard/crt0.o (exit)
C:/ST/STM32CubeIDE_1.19.0/STM32CubeIDE/plugins/com.st.stm32cube.ide.mcu.externaltools.gnu-tools-for-stm32.13.3.rel1.win32_1.0.0.202411081344/tools/bin/../lib/gcc/arm-none-eabi/13.3.1/../../../../arm-none-eabi/lib/thumb/v7e-m+fp/hard\libc_nano.a(libc_a-findfp.o)
                              C:/ST/STM32CubeIDE_1.19.0/STM32CubeIDE/plugins/com.st.stm32cube.ide.mcu.externaltools.gnu-tools-for-stm32.13.3.rel1.win32_1.0.0.202411081344/tools/bin/../lib/gcc/arm-none-eabi/13.3.1/../../../../arm-none-eabi/lib/thumb/v7e-m+fp/hard\libc_nano.a(libc_a-exit.o) (__stdio_exit_handler)
C:/ST/STM32CubeIDE_1.19.0/STM32CubeIDE/plugins/com.st.stm32cube.ide.mcu.externaltools.gnu-tools-for-stm32.13.3.rel1.win32_1.0.0.202411081344/tools/bin/../lib/gcc/arm-none-eabi/13.3.1/../../../../arm-none-eabi/lib/thumb/v7e-m+fp/hard\libc_nano.a(libc_a-fwalk.o)
                              C:/ST/STM32CubeIDE_1.19.0/STM32CubeIDE/plugins/com.st.stm32cube.ide.mcu.externaltools.gnu-tools-for-stm32.13.3.rel1.win32_1.0.0.202411081344/tools/bin/../lib/gcc/arm-none-eabi/13.3.1/../../../../arm-none-eabi/lib/thumb/v7e-m+fp/hard\libc_nano.a(libc_a-findfp.o) (_fwalk_sglue)
C:/ST/STM32CubeIDE_1.19.0/STM32CubeIDE/plugins/com.st.stm32cube.ide.mcu.externaltools.gnu-tools-for-stm32.13.3.rel1.win32_1.0.0.202411081344/tools/bin/../lib/gcc/arm-none-eabi/13.3.1/../../../../arm-none-eabi/lib/thumb/v7e-m+fp/hard\libc_nano.a(libc_a-sprintf.o)
                              ./Core/Src/main.o (sprintf)
C:/ST/STM32CubeIDE_1.19.0/STM32CubeIDE/plugins/com.st.stm32cube.ide.mcu.externaltools.gnu-tools-for-stm32.13.3.rel1.win32_1.0.0.202411081344/tools/bin/../lib/gcc/arm-none-eabi/13.3.1/../../../../arm-none-eabi/lib/thumb/v7e-m+fp/hard\libc_nano.a(libc_a-stdio.o)
                              C:/ST/STM32CubeIDE_1.19.0/STM32CubeIDE/plugins/com.st.stm32cube.ide.mcu.externaltools.gnu-tools-for-stm32.13.3.rel1.win32_1.0.0.202411081344/tools/bin/../lib/gcc/arm-none-eabi/13.3.1/../../../../arm-none-eabi/lib/thumb/v7e-m+fp/hard\libc_nano.a(libc_a-findfp.o) (__sread)
C:/ST/STM32CubeIDE_1.19.0/STM32CubeIDE/plugins/com.st.stm32cube.ide.mcu.externaltools.gnu-tools-for-stm32.13.3.rel1.win32_1.0.0.202411081344/tools/bin/../lib/gcc/arm-none-eabi/13.3.1/../../../../arm-none-eabi/lib/thumb/v7e-m+fp/hard\libc_nano.a(libc_a-memset.o)
                              C:/ST/STM32CubeIDE_1.19.0/STM32CubeIDE/plugins/com.st.stm32cube.ide.mcu.externaltools.gnu-tools-for-stm32.13.3.rel1.win32_1.0.0.202411081344/tools/bin/../lib/gcc/arm-none-eabi/13.3.1/../../../../arm-none-eabi/lib/thumb/v7e-m+fp/hard/crt0.o (memset)
C:/ST/STM32CubeIDE_1.19.0/STM32CubeIDE/plugins/com.st.stm32cube.ide.mcu.externaltools.gnu-tools-for-stm32.13.3.rel1.win32_1.0.0.202411081344/tools/bin/../lib/gcc/arm-none-eabi/13.3.1/../../../../arm-none-eabi/lib/thumb/v7e-m+fp/hard\libc_nano.a(libc_a-closer.o)
                              C:/ST/STM32CubeIDE_1.19.0/STM32CubeIDE/plugins/com.st.stm32cube.ide.mcu.externaltools.gnu-tools-for-stm32.13.3.rel1.win32_1.0.0.202411081344/tools/bin/../lib/gcc/arm-none-eabi/13.3.1/../../../../arm-none-eabi/lib/thumb/v7e-m+fp/hard\libc_nano.a(libc_a-stdio.o) (_close_r)
C:/ST/STM32CubeIDE_1.19.0/STM32CubeIDE/plugins/com.st.stm32cube.ide.mcu.externaltools.gnu-tools-for-stm32.13.3.rel1.win32_1.0.0.202411081344/tools/bin/../lib/gcc/arm-none-eabi/13.3.1/../../../../arm-none-eabi/lib/thumb/v7e-m+fp/hard\libc_nano.a(libc_a-reent.o)
                              C:/ST/STM32CubeIDE_1.19.0/STM32CubeIDE/plugins/com.st.stm32cube.ide.mcu.externaltools.gnu-tools-for-stm32.13.3.rel1.win32_1.0.0.202411081344/tools/bin/../lib/gcc/arm-none-eabi/13.3.1/../../../../arm-none-eabi/lib/thumb/v7e-m+fp/hard\libc_nano.a(libc_a-closer.o) (errno)
C:/ST/STM32CubeIDE_1.19.0/STM32CubeIDE/plugins/com.st.stm32cube.ide.mcu.externaltools.gnu-tools-for-stm32.13.3.rel1.win32_1.0.0.202411081344/tools/bin/../lib/gcc/arm-none-eabi/13.3.1/../../../../arm-none-eabi/lib/thumb/v7e-m+fp/hard\libc_nano.a(libc_a-impure.o)
                              C:/ST/STM32CubeIDE_1.19.0/STM32CubeIDE/plugins/com.st.stm32cube.ide.mcu.externaltools.gnu-tools-for-stm32.13.3.rel1.win32_1.0.0.202411081344/tools/bin/../lib/gcc/arm-none-eabi/13.3.1/../../../../arm-none-eabi/lib/thumb/v7e-m+fp/hard\libc_nano.a(libc_a-sprintf.o) (_impure_ptr)
[...]
Memory Configuration

Name             Origin             Length             Attributes
CCMRAM           0x10000000         0x00010000         xrw
RAM              0x20000000         0x00020000         xrw
FLASH            0x08000000         0x00100000         xr
*default*        0x00000000         0xffffffff

Linker script and memory map

LOAD C:/ST/STM32CubeIDE_1.19.0/STM32CubeIDE/plugins/com.st.stm32cube.ide.mcu.externaltools.gnu-tools-for-stm32.13.3.rel1.win32_1.0.0.202411081344/tools/bin/../lib/gcc/arm-none-eabi/13.3.1/thumb/v7e-m+fp/hard/crti.o
LOAD C:/ST/STM32CubeIDE_1.19.0/STM32CubeIDE/plugins/com.st.stm32cube.ide.mcu.externaltools.gnu-tools-for-stm32.13.3.rel1.win32_1.0.0.202411081344/tools/bin/../lib/gcc/arm-none-eabi/13.3.1/thumb/v7e-m+fp/hard/crtbegin.o
LOAD C:/ST/STM32CubeIDE_1.19.0/STM32CubeIDE/plugins/com.st.stm32cube.ide.mcu.externaltools.gnu-tools-for-stm32.13.3.rel1.win32_1.0.0.202411081344/tools/bin/../lib/gcc/arm-none-eabi/13.3.1/../../../../arm-none-eabi/lib/thumb/v7e-m+fp/hard/crt0.o
LOAD ./Core/Src/dcm.o
LOAD ./Core/Src/dcm_rdbi.o
LOAD ./Core/Src/dcm_seca.o
LOAD ./Core/Src/dcm_wdbi.o
LOAD ./Core/Src/main.o
LOAD ./Core/Src/stm32f4xx_hal_msp.o
LOAD ./Core/Src/stm32f4xx_it.o
LOAD ./Core/Src/syscalls.o
LOAD ./Core/Src/sysmem.o
LOAD ./Core/Src/system_stm32f4xx.o
LOAD ./Core/Startup/startup_stm32f405rgtx.o
LOAD ./Drivers/STM32F4xx_HAL_Driver/Src/stm32f4xx_hal.o
LOAD ./Drivers/STM32F4xx_HAL_Driver/Src/stm32f4xx_hal_can.o
LOAD ./Drivers/STM32F4xx_HAL_Driver/Src/stm32f4xx_hal_cortex.o
LOAD ./Drivers/STM32F4xx_HAL_Driver/Src/stm32f4xx_hal_dma.o
LOAD ./Drivers/STM32F4xx_HAL_Driver/Src/stm32f4xx_hal_dma_ex.o
LOAD ./Drivers/STM32F4xx_HAL_Driver/Src/stm32f4xx_hal_exti.o
LOAD ./Drivers/STM32F4xx_HAL_Driver/Src/stm32f4xx_hal_flash.o
LOAD ./Drivers/STM32F4xx_HAL_Driver/Src/stm32f4xx_hal_flash_ex.o
LOAD ./Drivers/STM32F4xx_HAL_Driver/Src/stm32f4xx_hal_flash_ramfunc.o
LOAD ./Drivers/STM32F4xx_HAL_Driver/Src/stm32f4xx_hal_gpio.o
LOAD ./Drivers/STM32F4xx_HAL_Driver/Src/stm32f4xx_hal_pwr.o
LOAD ./Drivers/STM32F4xx_HAL_Driver/Src/stm32f4xx_hal_pwr_ex.o
LOAD ./Drivers/STM32F4xx_HAL_Driver/Src/stm32f4xx_hal_rcc.o
LOAD ./Drivers/STM32F4xx_HAL_Driver/Src/stm32f4xx_hal_rcc_ex.o
LOAD ./Drivers/STM32F4xx_HAL_Driver/Src/stm32f4xx_hal_uart.o
START GROUP
LOAD C:/ST/STM32CubeIDE_1.19.0/STM32CubeIDE/plugins/com.st.stm32cube.ide.mcu.externaltools.gnu-tools-for-stm32.13.3.rel1.win32_1.0.0.202411081344/tools/bin/../lib/gcc/arm-none-eabi/13.3.1/../../../../arm-none-eabi/lib/thumb/v7e-m+fp/hard\libc_nano.a
LOAD C:/ST/STM32CubeIDE_1.19.0/STM32CubeIDE/plugins/com.st.stm32cube.ide.mcu.externaltools.gnu-tools-for-stm32.13.3.rel1.win32_1.0.0.202411081344/tools/bin/../lib/gcc/arm-none-eabi/13.3.1/../../../../arm-none-eabi/lib/thumb/v7e-m+fp/hard\libm.a
END GROUP
START GROUP
LOAD C:/ST/STM32CubeIDE_1.19.0/STM32CubeIDE/plugins/com.st.stm32cube.ide.mcu.externaltools.gnu-tools-for-stm32.13.3.rel1.win32_1.0.0.202411081344/tools/bin/../lib/gcc/arm-none-eabi/13.3.1/thumb/v7e-m+fp/hard\libgcc.a
LOAD C:/ST/STM32CubeIDE_1.19.0/STM32CubeIDE/plugins/com.st.stm32cube.ide.mcu.externaltools.gnu-tools-for-stm32.13.3.rel1.win32_1.0.0.202411081344/tools/bin/../lib/gcc/arm-none-eabi/13.3.1/../../../../arm-none-eabi/lib/thumb/v7e-m+fp/hard\libc_nano.a
END GROUP
START GROUP
LOAD C:/ST/STM32CubeIDE_1.19.0/STM32CubeIDE/plugins/com.st.stm32cube.ide.mcu.externaltools.gnu-tools-for-stm32.13.3.rel1.win32_1.0.0.202411081344/tools/bin/../lib/gcc/arm-none-eabi/13.3.1/thumb/v7e-m+fp/hard\libgcc.a
LOAD C:/ST/STM32CubeIDE_1.19.0/STM32CubeIDE/plugins/com.st.stm32cube.ide.mcu.externaltools.gnu-tools-for-stm32.13.3.rel1.win32_1.0.0.202411081344/tools/bin/../lib/gcc/arm-none-eabi/13.3.1/../../../../arm-none-eabi/lib/thumb/v7e-m+fp/hard\libc_nano.a
LOAD C:/ST/STM32CubeIDE_1.19.0/STM32CubeIDE/plugins/com.st.stm32cube.ide.mcu.externaltools.gnu-tools-for-stm32.13.3.rel1.win32_1.0.0.202411081344/tools/bin/../lib/gcc/arm-none-eabi/13.3.1/../../../../arm-none-eabi/lib/thumb/v7e-m+fp/hard\libnosys.a
END GROUP
START GROUP
LOAD C:/ST/STM32CubeIDE_1.19.0/STM32CubeIDE/plugins/com.st.stm32cube.ide.mcu.externaltools.gnu-tools-for-stm32.13.3.rel1.win32_1.0.0.202411081344/tools/bin/../lib/gcc/arm-none-eabi/13.3.1/thumb/v7e-m+fp/hard\libgcc.a
LOAD C:/ST/STM32CubeIDE_1.19.0/STM32CubeIDE/plugins/com.st.stm32cube.ide.mcu.externaltools.gnu-tools-for-stm32.13.3.rel1.win32_1.0.0.202411081344/tools/bin/../lib/gcc/arm-none-eabi/13.3.1/../../../../arm-none-eabi/lib/thumb/v7e-m+fp/hard\libc_nano.a
LOAD C:/ST/STM32CubeIDE_1.19.0/STM32CubeIDE/plugins/com.st.stm32cube.ide.mcu.externaltools.gnu-tools-for-stm32.13.3.rel1.win32_1.0.0.202411081344/tools/bin/../lib/gcc/arm-none-eabi/13.3.1/../../../../arm-none-eabi/lib/thumb/v7e-m+fp/hard\libnosys.a
END GROUP
LOAD C:/ST/STM32CubeIDE_1.19.0/STM32CubeIDE/plugins/com.st.stm32cube.ide.mcu.externaltools.gnu-tools-for-stm32.13.3.rel1.win32_1.0.0.202411081344/tools/bin/../lib/gcc/arm-none-eabi/13.3.1/thumb/v7e-m+fp/hard/crtend.o
LOAD C:/ST/STM32CubeIDE_1.19.0/STM32CubeIDE/plugins/com.st.stm32cube.ide.mcu.externaltools.gnu-tools-for-stm32.13.3.rel1.win32_1.0.0.202411081344/tools/bin/../lib/gcc/arm-none-eabi/13.3.1/thumb/v7e-m+fp/hard/crtn.o
                0x20020000                        _estack = (ORIGIN (RAM) + LENGTH (RAM))
                0x00000200                        _Min_Heap_Size = 0x200
                0x00000400                        _Min_Stack_Size = 0x400

.isr_vector     0x08000000      0x188
                0x08000000                        . = ALIGN (0x4)
 *(.isr_vector)
 .isr_vector    0x08000000      0x188 ./Core/Startup/startup_stm32f405rgtx.o
                0x08000000                g_pfnVectors
                0x08000188                        . = ALIGN (0x4)

.text           0x08000190     0x5a80
                0x08000190                        . = ALIGN (0x4)
 *(.text)
 .text          0x08000190       0x40 C:/ST/STM32CubeIDE_1.19.0/STM32CubeIDE/plugins/com.st.stm32cube.ide.mcu.externaltools.gnu-tools-for-stm32.13.3.rel1.win32_1.0.0.202411081344/tools/bin/../lib/gcc/arm-none-eabi/13.3.1/thumb/v7e-m+fp/hard/crtbegin.o
 .text          0x080001d0       0xa0 C:/ST/STM32CubeIDE_1.19.0/STM32CubeIDE/plugins/com.st.stm32cube.ide.mcu.externaltools.gnu-tools-for-stm32.13.3.rel1.win32_1.0.0.202411081344/tools/bin/../lib/gcc/arm-none-eabi/13.3.1/../../../../arm-none-eabi/lib/thumb/v7e-m+fp/hard\libc_nano.a(libc_a-memchr.o)
                0x080001d0                memchr
 .text          0x08000270       0x30 C:/ST/STM32CubeIDE_1.19.0/STM32CubeIDE/plugins/com.st.stm32cube.ide.mcu.externaltools.gnu-tools-for-stm32.13.3.rel1.win32_1.0.0.202411081344/tools/bin/../lib/gcc/arm-none-eabi/13.3.1/thumb/v7e-m+fp/hard\libgcc.a(_aeabi_uldivmod.o)
                0x08000270                __aeabi_uldivmod
 .text          0x080002a0      0x2f8 C:/ST/STM32CubeIDE_1.19.0/STM32CubeIDE/plugins/com.st.stm32cube.ide.mcu.externaltools.gnu-tools-for-stm32.13.3.rel1.win32_1.0.0.202411081344/tools/bin/../lib/gcc/arm-none-eabi/13.3.1/thumb/v7e-m+fp/hard\libgcc.a(_udivmoddi4.o)
                0x080002a0                __udivmoddi4
 .text          0x08000598        0x4 C:/ST/STM32CubeIDE_1.19.0/STM32CubeIDE/plugins/com.st.stm32cube.ide.mcu.externaltools.gnu-tools-for-stm32.13.3.rel1.win32_1.0.0.202411081344/tools/bin/../lib/gcc/arm-none-eabi/13.3.1/thumb/v7e-m+fp/hard\libgcc.a(_dvmd_tls.o)
                0x08000598                __aeabi_idiv0
                0x08000598                __aeabi_ldiv0
 *(.text*)
 .text.DCM_ProcessRequest
                0x0800059c       0x7e ./Core/Src/dcm.o
                0x0800059c                DCM_ProcessRequest
 .text.DCM_ProcessDiagnosticRequest
                0x0800061a       0x50 ./Core/Src/dcm.o
                0x0800061a                DCM_ProcessDiagnosticRequest
 *fill*         0x0800066a        0x2 
 .text.DCM_SendResponse
                0x0800066c       0xa0 ./Core/Src/dcm.o
                0x0800066c                DCM_SendResponse
 .text.DCM_SendNegativeResponse
                0x0800070c       0x30 ./Core/Src/dcm.o
                0x0800070c                DCM_SendNegativeResponse
 .text.DCM_ManageSecurityTimeout
                0x0800073c       0x40 ./Core/Src/dcm.o
                0x0800073c                DCM_ManageSecurityTimeout
 .text.DCM_IsSecurityLevel1Unlocked
                0x0800077c       0x18 ./Core/Src/dcm.o
                0x0800077c                DCM_IsSecurityLevel1Unlocked
 .text.CANTP_HandleFirstFrame
                0x08000794       0xac ./Core/Src/dcm.o
                0x08000794                CANTP_HandleFirstFrame
 .text.CANTP_HandleConsecutiveFrame
                0x08000840       0xc0 ./Core/Src/dcm.o
                0x08000840                CANTP_HandleConsecutiveFrame
 .text.CANTP_HandleFlowControl
                0x08000900       0x40 ./Core/Src/dcm.o
                0x08000900                CANTP_HandleFlowControl
 .text.CANTP_SendFlowControl
                0x08000940       0x3e ./Core/Src/dcm.o
                0x08000940                CANTP_SendFlowControl
 .text.DCM_RDBI_ProcessRequest
                0x0800097e       0x5a ./Core/Src/dcm_rdbi.o
                0x0800097e                DCM_RDBI_ProcessRequest
 .text.DCM_RDBI_ReadCANIDValue
                0x080009d8       0x48 ./Core/Src/dcm_rdbi.o
                0x080009d8                DCM_RDBI_ReadCANIDValue
 .text.DCM_SECA_ProcessRequest
                0x08000a20       0x72 ./Core/Src/dcm_seca.o
                0x08000a20                DCM_SECA_ProcessRequest
 *fill*         0x08000a92        0x2 
 .text.DCM_SECA_RequestSeed
                0x08000a94       0x54 ./Core/Src/dcm_seca.o
                0x08000a94                DCM_SECA_RequestSeed
 .text.DCM_SECA_SendKey
                0x08000ae8       0x90 ./Core/Src/dcm_seca.o
                0x08000ae8                DCM_SECA_SendKey
 .text.DCM_SECA_GenerateSeed
                0x08000b78       0x40 ./Core/Src/dcm_seca.o
                0x08000b78                DCM_SECA_GenerateSeed
 .text.DCM_SECA_ValidateKey
                0x08000bb8       0x50 ./Core/Src/dcm_seca.o
                0x08000bb8                DCM_SECA_ValidateKey
 .text.DCM_SECA_CalculateKey
                0x08000c08       0x8c ./Core/Src/dcm_seca.o
                0x08000c08                DCM_SECA_CalculateKey
 .text.DCM_WDBI_ProcessRequest
                0x08000c94       0x84 ./Core/Src/dcm_wdbi.o
                0x08000c94                DCM_WDBI_ProcessRequest
 .text.DCM_WDBI_WriteCANIDValue
                0x08000d18       0x48 ./Core/Src/dcm_wdbi.o
                0x08000d18                DCM_WDBI_WriteCANIDValue
 .text.main     0x08000d60      0x1e0 ./Core/Src/main.o
                0x08000d60                main
 .text.SystemClock_Config
                0x08000f40       0xd4 ./Core/Src/main.o
                0x08000f40                SystemClock_Config
 .text.MX_CAN1_Init
                0x08001014       0x6c ./Core/Src/main.o
 .text.MX_CAN2_Init
                0x08001080       0x6c ./Core/Src/main.o
 .text.MX_USART3_UART_Init
                0x080010ec       0x54 ./Core/Src/main.o
 .text.MX_GPIO_Init
                0x08001140      0x120 ./Core/Src/main.o
 .text.MX_CAN1_Setup
                0x08001260       0x68 ./Core/Src/main.o
                0x08001260                MX_CAN1_Setup
 .text.MX_CAN2_Setup
                0x080012c8       0x5c ./Core/Src/main.o
                0x080012c8                MX_CAN2_Setup
 .text.USART3_SendString
                0x08001324       0x34 ./Core/Src/main.o
                0x08001324                USART3_SendString
 .text.PrintCANLog
                0x08001358      0x120 ./Core/Src/main.o
                0x08001358                PrintCANLog
 .text.HAL_UART_RxCpltCallback
                0x08001478       0x44 ./Core/Src/main.o
                0x08001478                HAL_UART_RxCpltCallback
 .text.delay    0x080014bc       0x1a ./Core/Src/main.o
                0x080014bc                delay
 *fill*         0x080014d6        0x2 
 .text.TestPracticeMessages
                0x080014d8       0x8c ./Core/Src/main.o
                0x080014d8                TestPracticeMessages
 .text.SendTestMessage
                0x08001564       0x48 ./Core/Src/main.o
                0x08001564                SendTestMessage
 .text.PrintManualTestMenu
                0x080015ac       0xc0 ./Core/Src/main.o
                0x080015ac                PrintManualTestMenu
 .text.ProcessManualCommand
                0x0800166c      0x2c8 ./Core/Src/main.o
                0x0800166c                ProcessManualCommand
 .text.ManualTest_Practice1
                0x08001934       0x50 ./Core/Src/main.o
                0x08001934                ManualTest_Practice1
 .text.ManualTest_Practice2_Seed
                0x08001984       0x58 ./Core/Src/main.o
                0x08001984                ManualTest_Practice2_Seed
 .text.ManualTest_Practice2_Key
                0x080019dc       0xa8 ./Core/Src/main.o
                0x080019dc                ManualTest_Practice2_Key
 .text.ManualTest_Practice3
                0x08001a84       0x84 ./Core/Src/main.o
                0x08001a84                ManualTest_Practice3
 .text.ManualTest_ToggleMode
                0x08001b08       0x8c ./Core/Src/main.o
                0x08001b08                ManualTest_ToggleMode
 .text.ParseHexChar
                0x08001b94       0x54 ./Core/Src/main.o
                0x08001b94                ParseHexChar
 .text.PrintHexInputMode
                0x08001be8       0x94 ./Core/Src/main.o
                0x08001be8                PrintHexInputMode
 .text.ProcessHexInput
                0x08001c7c      0x13c ./Core/Src/main.o
                0x08001c7c                ProcessHexInput
 .text.ExecuteHexMessage
                0x08001db8      0x158 ./Core/Src/main.o
                0x08001db8                ExecuteHexMessage
 .text.Error_Handler
                0x08001f10        0xc ./Core/Src/main.o
                0x08001f10                Error_Handler
 .text.HAL_MspInit
                0x08001f1c       0x50 ./Core/Src/stm32f4xx_hal_msp.o
                0x08001f1c                HAL_MspInit
 .text.HAL_CAN_MspInit
                0x08001f6c      0x160 ./Core/Src/stm32f4xx_hal_msp.o
                0x08001f6c                HAL_CAN_MspInit
 .text.HAL_UART_MspInit
                0x080020cc       0xa0 ./Core/Src/stm32f4xx_hal_msp.o
                0x080020cc                HAL_UART_MspInit
 .text.NMI_Handler
                0x0800216c        0x8 ./Core/Src/stm32f4xx_it.o
                0x0800216c                NMI_Handler
 .text.HardFault_Handler
                0x08002174        0x8 ./Core/Src/stm32f4xx_it.o
                0x08002174                HardFault_Handler
 .text.MemManage_Handler
                0x0800217c        0x8 ./Core/Src/stm32f4xx_it.o
                0x0800217c                MemManage_Handler
 .text.BusFault_Handler
                0x08002184        0x8 ./Core/Src/stm32f4xx_it.o
                0x08002184                BusFault_Handler
 .text.UsageFault_Handler
                0x0800218c        0x8 ./Core/Src/stm32f4xx_it.o
                0x0800218c                UsageFault_Handler
 .text.SVC_Handler
                0x08002194        0xe ./Core/Src/stm32f4xx_it.o
                0x08002194                SVC_Handler
 .text.DebugMon_Handler
                0x080021a2        0xe ./Core/Src/stm32f4xx_it.o
                0x080021a2                DebugMon_Handler
 .text.PendSV_Handler
                0x080021b0        0xe ./Core/Src/stm32f4xx_it.o
                0x080021b0                PendSV_Handler
 *fill*         0x080021be        0x2 
 .text.SysTick_Handler
                0x080021c0       0x1c ./Core/Src/stm32f4xx_it.o
                0x080021c0                SysTick_Handler
 .text.EXTI0_IRQHandler
                0x080021dc        0xe ./Core/Src/stm32f4xx_it.o
                0x080021dc                EXTI0_IRQHandler
 *fill*         0x080021ea        0x2 
 .text.CAN1_RX0_IRQHandler
                0x080021ec       0x50 ./Core/Src/stm32f4xx_it.o
                0x080021ec                CAN1_RX0_IRQHandler
 .text.USART3_IRQHandler
                0x0800223c       0x20 ./Core/Src/stm32f4xx_it.o
                0x0800223c                USART3_IRQHandler
 .text.CAN2_RX0_IRQHandler
                0x0800225c       0x28 ./Core/Src/stm32f4xx_it.o
                0x0800225c                CAN2_RX0_IRQHandler
 .text._sbrk    0x08002284       0x6c ./Core/Src/sysmem.o
                0x08002284                _sbrk
 .text.SystemInit
                0x080022f0       0x24 ./Core/Src/system_stm32f4xx.o
                0x080022f0                SystemInit
 .text.Reset_Handler
                0x08002314       0x50 ./Core/Startup/startup_stm32f405rgtx.o
                0x08002314                Reset_Handler
 .text.Default_Handler
                0x08002364        0x2 ./Core/Startup/startup_stm32f405rgtx.o
                0x08002364                RTC_Alarm_IRQHandler
                0x08002364                HASH_RNG_IRQHandler
                0x08002364                EXTI2_IRQHandler
                0x08002364                TIM8_CC_IRQHandler
                0x08002364                TIM1_CC_IRQHandler
                0x08002364                DMA2_Stream5_IRQHandler
                0x08002364                DMA1_Stream5_IRQHandler
                0x08002364                PVD_IRQHandler
                0x08002364                SDIO_IRQHandler
                0x08002364                TAMP_STAMP_IRQHandler
                0x08002364                CAN2_RX1_IRQHandler
                0x08002364                EXTI3_IRQHandler
                0x08002364                TIM8_TRG_COM_TIM14_IRQHandler
                0x08002364                TIM1_UP_TIM10_IRQHandler
                0x08002364                TIM8_UP_TIM13_IRQHandler
                0x08002364                I2C3_ER_IRQHandler
                0x08002364                I2C2_EV_IRQHandler
                0x08002364                DMA1_Stream2_IRQHandler
                0x08002364                FPU_IRQHandler
                0x08002364                OTG_HS_WKUP_IRQHandler
                0x08002364                CAN2_SCE_IRQHandler
                0x08002364                DMA2_Stream2_IRQHandler
                0x08002364                SPI1_IRQHandler
                0x08002364                TIM6_DAC_IRQHandler
                0x08002364                TIM1_BRK_TIM9_IRQHandler
                0x08002364                DMA2_Stream3_IRQHandler
                0x08002364                USART6_IRQHandler
                0x08002364                CAN1_RX1_IRQHandler
                0x08002364                UART5_IRQHandler
                0x08002364                DMA2_Stream0_IRQHandler
                0x08002364                TIM4_IRQHandler
                0x08002364                I2C1_EV_IRQHandler
                0x08002364                DMA1_Stream6_IRQHandler
                0x08002364                DMA1_Stream1_IRQHandler
                0x08002364                UART4_IRQHandler
                0x08002364                TIM3_IRQHandler
                0x08002364                RCC_IRQHandler
                0x08002364                TIM8_BRK_TIM12_IRQHandler
                0x08002364                Default_Handler
                0x08002364                EXTI15_10_IRQHandler
                0x08002364                ADC_IRQHandler
                0x08002364                DMA1_Stream7_IRQHandler
                0x08002364                TIM7_IRQHandler
                0x08002364                CAN2_TX_IRQHandler
                0x08002364                TIM5_IRQHandler
                0x08002364                DMA2_Stream7_IRQHandler
                0x08002364                I2C3_EV_IRQHandler
                0x08002364                EXTI9_5_IRQHandler
                0x08002364                RTC_WKUP_IRQHandler
                0x08002364                SPI2_IRQHandler
                0x08002364                OTG_HS_EP1_IN_IRQHandler
                0x08002364                DMA1_Stream0_IRQHandler
                0x08002364                CAN1_TX_IRQHandler
                0x08002364                EXTI4_IRQHandler
                0x08002364                FSMC_IRQHandler
                0x08002364                OTG_HS_EP1_OUT_IRQHandler
                0x08002364                WWDG_IRQHandler
                0x08002364                TIM2_IRQHandler
                0x08002364                OTG_FS_WKUP_IRQHandler
                0x08002364                TIM1_TRG_COM_TIM11_IRQHandler
                0x08002364                OTG_HS_IRQHandler
                0x08002364                EXTI1_IRQHandler
                0x08002364                USART2_IRQHandler
                0x08002364                I2C2_ER_IRQHandler
                0x08002364                DMA2_Stream1_IRQHandler
                0x08002364                CAN1_SCE_IRQHandler
                0x08002364                FLASH_IRQHandler
                0x08002364                DMA2_Stream4_IRQHandler
                0x08002364                USART1_IRQHandler
                0x08002364                OTG_FS_IRQHandler
                0x08002364                SPI3_IRQHandler
                0x08002364                DMA1_Stream4_IRQHandler
                0x08002364                I2C1_ER_IRQHandler
                0x08002364                DMA2_Stream6_IRQHandler
                0x08002364                DMA1_Stream3_IRQHandler
 *fill*         0x08002366        0x2 
 .text.HAL_Init
                0x08002368       0x44 ./Drivers/STM32F4xx_HAL_Driver/Src/stm32f4xx_hal.o
                0x08002368                HAL_Init
 .text.HAL_InitTick
                0x080023ac       0x60 ./Drivers/STM32F4xx_HAL_Driver/Src/stm32f4xx_hal.o
                0x080023ac                HAL_InitTick
 .text.HAL_IncTick
                0x0800240c       0x28 ./Drivers/STM32F4xx_HAL_Driver/Src/stm32f4xx_hal.o
                0x0800240c                HAL_IncTick
 .text.HAL_GetTick
                0x08002434       0x18 ./Drivers/STM32F4xx_HAL_Driver/Src/stm32f4xx_hal.o
                0x08002434                HAL_GetTick
 .text.HAL_Delay
                0x0800244c       0x48 ./Drivers/STM32F4xx_HAL_Driver/Src/stm32f4xx_hal.o
                0x0800244c                HAL_Delay
 .text.HAL_CAN_Init
                0x08002494      0x1f6 ./Drivers/STM32F4xx_HAL_Driver/Src/stm32f4xx_hal_can.o
                0x08002494                HAL_CAN_Init
 *fill*         0x0800268a        0x2 
 .text.HAL_CAN_ConfigFilter
                0x0800268c      0x1c0 ./Drivers/STM32F4xx_HAL_Driver/Src/stm32f4xx_hal_can.o
                0x0800268c                HAL_CAN_ConfigFilter
 .text.HAL_CAN_Start
                0x0800284c       0x88 ./Drivers/STM32F4xx_HAL_Driver/Src/stm32f4xx_hal_can.o
                0x0800284c                HAL_CAN_Start
 .text.HAL_CAN_AddTxMessage
                0x080028d4      0x1b6 ./Drivers/STM32F4xx_HAL_Driver/Src/stm32f4xx_hal_can.o
                0x080028d4                HAL_CAN_AddTxMessage
 .text.HAL_CAN_GetRxMessage
                0x08002a8a      0x224 ./Drivers/STM32F4xx_HAL_Driver/Src/stm32f4xx_hal_can.o
                0x08002a8a                HAL_CAN_GetRxMessage
 .text.HAL_CAN_ActivateNotification
                0x08002cae       0x4c ./Drivers/STM32F4xx_HAL_Driver/Src/stm32f4xx_hal_can.o
                0x08002cae                HAL_CAN_ActivateNotification
 .text.HAL_CAN_IRQHandler
                0x08002cfa      0x36e ./Drivers/STM32F4xx_HAL_Driver/Src/stm32f4xx_hal_can.o
                0x08002cfa                HAL_CAN_IRQHandler
 .text.HAL_CAN_TxMailbox0CompleteCallback
                0x08003068       0x14 ./Drivers/STM32F4xx_HAL_Driver/Src/stm32f4xx_hal_can.o
                0x08003068                HAL_CAN_TxMailbox0CompleteCallback
 .text.HAL_CAN_TxMailbox1CompleteCallback
                0x0800307c       0x14 ./Drivers/STM32F4xx_HAL_Driver/Src/stm32f4xx_hal_can.o
                0x0800307c                HAL_CAN_TxMailbox1CompleteCallback
 .text.HAL_CAN_TxMailbox2CompleteCallback
                0x08003090       0x14 ./Drivers/STM32F4xx_HAL_Driver/Src/stm32f4xx_hal_can.o
                0x08003090                HAL_CAN_TxMailbox2CompleteCallback
 .text.HAL_CAN_TxMailbox0AbortCallback
                0x080030a4       0x14 ./Drivers/STM32F4xx_HAL_Driver/Src/stm32f4xx_hal_can.o
                0x080030a4                HAL_CAN_TxMailbox0AbortCallback
 .text.HAL_CAN_TxMailbox1AbortCallback
                0x080030b8       0x14 ./Drivers/STM32F4xx_HAL_Driver/Src/stm32f4xx_hal_can.o
                0x080030b8                HAL_CAN_TxMailbox1AbortCallback
 .text.HAL_CAN_TxMailbox2AbortCallback
                0x080030cc       0x14 ./Drivers/STM32F4xx_HAL_Driver/Src/stm32f4xx_hal_can.o
                0x080030cc                HAL_CAN_TxMailbox2AbortCallback
 .text.HAL_CAN_RxFifo0MsgPendingCallback
                0x080030e0       0x14 ./Drivers/STM32F4xx_HAL_Driver/Src/stm32f4xx_hal_can.o
                0x080030e0                HAL_CAN_RxFifo0MsgPendingCallback
 .text.HAL_CAN_RxFifo0FullCallback
                0x080030f4       0x14 ./Drivers/STM32F4xx_HAL_Driver/Src/stm32f4xx_hal_can.o
                0x080030f4                HAL_CAN_RxFifo0FullCallback
 .text.HAL_CAN_RxFifo1MsgPendingCallback
                0x08003108       0x14 ./Drivers/STM32F4xx_HAL_Driver/Src/stm32f4xx_hal_can.o
                0x08003108                HAL_CAN_RxFifo1MsgPendingCallback
 .text.HAL_CAN_RxFifo1FullCallback
                0x0800311c       0x14 ./Drivers/STM32F4xx_HAL_Driver/Src/stm32f4xx_hal_can.o
                0x0800311c                HAL_CAN_RxFifo1FullCallback
 .text.HAL_CAN_SleepCallback
                0x08003130       0x14 ./Drivers/STM32F4xx_HAL_Driver/Src/stm32f4xx_hal_can.o
                0x08003130                HAL_CAN_SleepCallback
 .text.HAL_CAN_WakeUpFromRxMsgCallback
                0x08003144       0x14 ./Drivers/STM32F4xx_HAL_Driver/Src/stm32f4xx_hal_can.o
                0x08003144                HAL_CAN_WakeUpFromRxMsgCallback
 .text.HAL_CAN_ErrorCallback
                0x08003158       0x14 ./Drivers/STM32F4xx_HAL_Driver/Src/stm32f4xx_hal_can.o
                0x08003158                HAL_CAN_ErrorCallback
 .text.__NVIC_SetPriorityGrouping
                0x0800316c       0x48 ./Drivers/STM32F4xx_HAL_Driver/Src/stm32f4xx_hal_cortex.o
 .text.__NVIC_GetPriorityGrouping
                0x080031b4       0x1c ./Drivers/STM32F4xx_HAL_Driver/Src/stm32f4xx_hal_cortex.o
 .text.__NVIC_EnableIRQ
                0x080031d0       0x3c ./Drivers/STM32F4xx_HAL_Driver/Src/stm32f4xx_hal_cortex.o
 .text.__NVIC_SetPriority
                0x0800320c       0x54 ./Drivers/STM32F4xx_HAL_Driver/Src/stm32f4xx_hal_cortex.o
 .text.NVIC_EncodePriority
                0x08003260       0x66 ./Drivers/STM32F4xx_HAL_Driver/Src/stm32f4xx_hal_cortex.o
 *fill*         0x080032c6        0x2 
 .text.SysTick_Config
                0x080032c8       0x44 ./Drivers/STM32F4xx_HAL_Driver/Src/stm32f4xx_hal_cortex.o
 .text.HAL_NVIC_SetPriorityGrouping
                0x0800330c       0x16 ./Drivers/STM32F4xx_HAL_Driver/Src/stm32f4xx_hal_cortex.o
                0x0800330c                HAL_NVIC_SetPriorityGrouping
 .text.HAL_NVIC_SetPriority
                0x08003322       0x38 ./Drivers/STM32F4xx_HAL_Driver/Src/stm32f4xx_hal_cortex.o
                0x08003322                HAL_NVIC_SetPriority
 .text.HAL_NVIC_EnableIRQ
                0x0800335a       0x1c ./Drivers/STM32F4xx_HAL_Driver/Src/stm32f4xx_hal_cortex.o
                0x0800335a                HAL_NVIC_EnableIRQ
 .text.HAL_SYSTICK_Config
                0x08003376       0x18 ./Drivers/STM32F4xx_HAL_Driver/Src/stm32f4xx_hal_cortex.o
                0x08003376                HAL_SYSTICK_Config
 .text.HAL_DMA_Abort
                0x0800338e       0xe0 ./Drivers/STM32F4xx_HAL_Driver/Src/stm32f4xx_hal_dma.o
                0x0800338e                HAL_DMA_Abort
 .text.HAL_DMA_Abort_IT
                0x0800346e       0x44 ./Drivers/STM32F4xx_HAL_Driver/Src/stm32f4xx_hal_dma.o
                0x0800346e                HAL_DMA_Abort_IT
 *fill*         0x080034b2        0x2 
 .text.HAL_GPIO_Init
                0x080034b4      0x338 ./Drivers/STM32F4xx_HAL_Driver/Src/stm32f4xx_hal_gpio.o
                0x080034b4                HAL_GPIO_Init
 .text.HAL_GPIO_ReadPin
                0x080037ec       0x30 ./Drivers/STM32F4xx_HAL_Driver/Src/stm32f4xx_hal_gpio.o
                0x080037ec                HAL_GPIO_ReadPin
 .text.HAL_GPIO_WritePin
                0x0800381c       0x32 ./Drivers/STM32F4xx_HAL_Driver/Src/stm32f4xx_hal_gpio.o
                0x0800381c                HAL_GPIO_WritePin
 *fill*         0x0800384e        0x2 
 .text.HAL_GPIO_EXTI_IRQHandler
                0x08003850       0x30 ./Drivers/STM32F4xx_HAL_Driver/Src/stm32f4xx_hal_gpio.o
                0x08003850                HAL_GPIO_EXTI_IRQHandler
 .text.HAL_GPIO_EXTI_Callback
                0x08003880       0x16 ./Drivers/STM32F4xx_HAL_Driver/Src/stm32f4xx_hal_gpio.o
                0x08003880                HAL_GPIO_EXTI_Callback
 *fill*         0x08003896        0x2 
 .text.HAL_RCC_OscConfig
                0x08003898      0x4f0 ./Drivers/STM32F4xx_HAL_Driver/Src/stm32f4xx_hal_rcc.o
                0x08003898                HAL_RCC_OscConfig
 .text.HAL_RCC_ClockConfig
                0x08003d88      0x1cc ./Drivers/STM32F4xx_HAL_Driver/Src/stm32f4xx_hal_rcc.o
                0x08003d88                HAL_RCC_ClockConfig
 .text.HAL_RCC_GetSysClockFreq
                0x08003f54      0x20c ./Drivers/STM32F4xx_HAL_Driver/Src/stm32f4xx_hal_rcc.o
                0x08003f54                HAL_RCC_GetSysClockFreq
 .text.HAL_RCC_GetHCLKFreq
                0x08004160       0x18 ./Drivers/STM32F4xx_HAL_Driver/Src/stm32f4xx_hal_rcc.o
                0x08004160                HAL_RCC_GetHCLKFreq
 .text.HAL_RCC_GetPCLK1Freq
                0x08004178       0x28 ./Drivers/STM32F4xx_HAL_Driver/Src/stm32f4xx_hal_rcc.o
                0x08004178                HAL_RCC_GetPCLK1Freq
 .text.HAL_RCC_GetPCLK2Freq
                0x080041a0       0x28 ./Drivers/STM32F4xx_HAL_Driver/Src/stm32f4xx_hal_rcc.o
                0x080041a0                HAL_RCC_GetPCLK2Freq
 .text.HAL_UART_Init
                0x080041c8       0x9a ./Drivers/STM32F4xx_HAL_Driver/Src/stm32f4xx_hal_uart.o
                0x080041c8                HAL_UART_Init
 .text.HAL_UART_Transmit
                0x08004262      0x124 ./Drivers/STM32F4xx_HAL_Driver/Src/stm32f4xx_hal_uart.o
                0x08004262                HAL_UART_Transmit
 .text.HAL_UART_Receive_IT
                0x08004386       0x60 ./Drivers/STM32F4xx_HAL_Driver/Src/stm32f4xx_hal_uart.o
                0x08004386                HAL_UART_Receive_IT
 *fill*         0x080043e6        0x2 
 .text.HAL_UART_IRQHandler
                0x080043e8      0x51c ./Drivers/STM32F4xx_HAL_Driver/Src/stm32f4xx_hal_uart.o
                0x080043e8                HAL_UART_IRQHandler
 .text.HAL_UART_TxCpltCallback
                0x08004904       0x14 ./Drivers/STM32F4xx_HAL_Driver/Src/stm32f4xx_hal_uart.o
                0x08004904                HAL_UART_TxCpltCallback
 .text.HAL_UART_ErrorCallback
                0x08004918       0x14 ./Drivers/STM32F4xx_HAL_Driver/Src/stm32f4xx_hal_uart.o
                0x08004918                HAL_UART_ErrorCallback
 .text.HAL_UARTEx_RxEventCallback
                0x0800492c       0x18 ./Drivers/STM32F4xx_HAL_Driver/Src/stm32f4xx_hal_uart.o
                0x0800492c                HAL_UARTEx_RxEventCallback
 .text.UART_WaitOnFlagUntilTimeout
                0x08004944       0xdc ./Drivers/STM32F4xx_HAL_Driver/Src/stm32f4xx_hal_uart.o
 .text.UART_Start_Receive_IT
                0x08004a20       0x7c ./Drivers/STM32F4xx_HAL_Driver/Src/stm32f4xx_hal_uart.o
                0x08004a20                UART_Start_Receive_IT
 .text.UART_EndRxTransfer
                0x08004a9c       0xc6 ./Drivers/STM32F4xx_HAL_Driver/Src/stm32f4xx_hal_uart.o
 .text.UART_DMAAbortOnError
                0x08004b62       0x28 ./Drivers/STM32F4xx_HAL_Driver/Src/stm32f4xx_hal_uart.o
 .text.UART_Transmit_IT
                0x08004b8a       0xa0 ./Drivers/STM32F4xx_HAL_Driver/Src/stm32f4xx_hal_uart.o
 .text.UART_EndTransmit_IT
                0x08004c2a       0x30 ./Drivers/STM32F4xx_HAL_Driver/Src/stm32f4xx_hal_uart.o
 .text.UART_Receive_IT
                0x08004c5a      0x176 ./Drivers/STM32F4xx_HAL_Driver/Src/stm32f4xx_hal_uart.o
 .text.UART_SetConfig
                0x08004dd0      0x4e8 ./Drivers/STM32F4xx_HAL_Driver/Src/stm32f4xx_hal_uart.o
 .text.sprintf  0x080052b8       0x44 C:/ST/STM32CubeIDE_1.19.0/STM32CubeIDE/plugins/com.st.stm32cube.ide.mcu.externaltools.gnu-tools-for-stm32.13.3.rel1.win32_1.0.0.202411081344/tools/bin/../lib/gcc/arm-none-eabi/13.3.1/../../../../arm-none-eabi/lib/thumb/v7e-m+fp/hard\libc_nano.a(libc_a-sprintf.o)
                0x080052b8                siprintf
                0x080052b8                sprintf
 .text.memset   0x080052fc       0x10 C:/ST/STM32CubeIDE_1.19.0/STM32CubeIDE/plugins/com.st.stm32cube.ide.mcu.externaltools.gnu-tools-for-stm32.13.3.rel1.win32_1.0.0.202411081344/tools/bin/../lib/gcc/arm-none-eabi/13.3.1/../../../../arm-none-eabi/lib/thumb/v7e-m+fp/hard\libc_nano.a(libc_a-memset.o)
                0x080052fc                memset
 .text.__errno  0x0800530c        0xc C:/ST/STM32CubeIDE_1.19.0/STM32CubeIDE/plugins/com.st.stm32cube.ide.mcu.externaltools.gnu-tools-for-stm32.13.3.rel1.win32_1.0.0.202411081344/tools/bin/../lib/gcc/arm-none-eabi/13.3.1/../../../../arm-none-eabi/lib/thumb/v7e-m+fp/hard\libc_nano.a(libc_a-errno.o)
                0x0800530c                __errno
 .text.__libc_init_array
                0x08005318       0x48 C:/ST/STM32CubeIDE_1.19.0/STM32CubeIDE/plugins/com.st.stm32cube.ide.mcu.externaltools.gnu-tools-for-stm32.13.3.rel1.win32_1.0.0.202411081344/tools/bin/../lib/gcc/arm-none-eabi/13.3.1/../../../../arm-none-eabi/lib/thumb/v7e-m+fp/hard\libc_nano.a(libc_a-init.o)
                0x08005318                __libc_init_array
 .text.__retarget_lock_acquire_recursive
                0x08005360        0x2 C:/ST/STM32CubeIDE_1.19.0/STM32CubeIDE/plugins/com.st.stm32cube.ide.mcu.externaltools.gnu-tools-for-stm32.13.3.rel1.win32_1.0.0.202411081344/tools/bin/../lib/gcc/arm-none-eabi/13.3.1/../../../../arm-none-eabi/lib/thumb/v7e-m+fp/hard\libc_nano.a(libc_a-lock.o)
                0x08005360                __retarget_lock_acquire_recursive
 .text.__retarget_lock_release_recursive
                0x08005362        0x2 C:/ST/STM32CubeIDE_1.19.0/STM32CubeIDE/plugins/com.st.stm32cube.ide.mcu.externaltools.gnu-tools-for-stm32.13.3.rel1.win32_1.0.0.202411081344/tools/bin/../lib/gcc/arm-none-eabi/13.3.1/../../../../arm-none-eabi/lib/thumb/v7e-m+fp/hard\libc_nano.a(libc_a-lock.o)
                0x08005362                __retarget_lock_release_recursive
 .text._free_r  0x08005364       0x94 C:/ST/STM32CubeIDE_1.19.0/STM32CubeIDE/plugins/com.st.stm32cube.ide.mcu.externaltools.gnu-tools-for-stm32.13.3.rel1.win32_1.0.0.202411081344/tools/bin/../lib/gcc/arm-none-eabi/13.3.1/../../../../arm-none-eabi/lib/thumb/v7e-m+fp/hard\libc_nano.a(libc_a-freer.o)
                0x08005364                _free_r
 .text.sbrk_aligned
                0x080053f8       0x44 C:/ST/STM32CubeIDE_1.19.0/STM32CubeIDE/plugins/com.st.stm32cube.ide.mcu.externaltools.gnu-tools-for-stm32.13.3.rel1.win32_1.0.0.202411081344/tools/bin/../lib/gcc/arm-none-eabi/13.3.1/../../../../arm-none-eabi/lib/thumb/v7e-m+fp/hard\libc_nano.a(libc_a-mallocr.o)
 .text._malloc_r
                0x0800543c      0x100 C:/ST/STM32CubeIDE_1.19.0/STM32CubeIDE/plugins/com.st.stm32cube.ide.mcu.externaltools.gnu-tools-for-stm32.13.3.rel1.win32_1.0.0.202411081344/tools/bin/../lib/gcc/arm-none-eabi/13.3.1/../../../../arm-none-eabi/lib/thumb/v7e-m+fp/hard\libc_nano.a(libc_a-mallocr.o)
                0x0800543c                _malloc_r
 .text.__malloc_lock
                0x0800553c        0xc C:/ST/STM32CubeIDE_1.19.0/STM32CubeIDE/plugins/com.st.stm32cube.ide.mcu.externaltools.gnu-tools-for-stm32.13.3.rel1.win32_1.0.0.202411081344/tools/bin/../lib/gcc/arm-none-eabi/13.3.1/../../../../arm-none-eabi/lib/thumb/v7e-m+fp/hard\libc_nano.a(libc_a-mlock.o)
                0x0800553c                __malloc_lock
 .text.__malloc_unlock
                0x08005548        0xc C:/ST/STM32CubeIDE_1.19.0/STM32CubeIDE/plugins/com.st.stm32cube.ide.mcu.externaltools.gnu-tools-for-stm32.13.3.rel1.win32_1.0.0.202411081344/tools/bin/../lib/gcc/arm-none-eabi/13.3.1/../../../../arm-none-eabi/lib/thumb/v7e-m+fp/hard\libc_nano.a(libc_a-mlock.o)
                0x08005548                __malloc_unlock
 .text.__ssputs_r
                0x08005554       0xb6 C:/ST/STM32CubeIDE_1.19.0/STM32CubeIDE/plugins/com.st.stm32cube.ide.mcu.externaltools.gnu-tools-for-stm32.13.3.rel1.win32_1.0.0.202411081344/tools/bin/../lib/gcc/arm-none-eabi/13.3.1/../../../../arm-none-eabi/lib/thumb/v7e-m+fp/hard\libc_nano.a(libc_a-nano-svfprintf.o)
                0x08005554                __ssputs_r
 *fill*         0x0800560a        0x2 
 .text._svfprintf_r
                0x0800560c      0x1f8 C:/ST/STM32CubeIDE_1.19.0/STM32CubeIDE/plugins/com.st.stm32cube.ide.mcu.externaltools.gnu-tools-for-stm32.13.3.rel1.win32_1.0.0.202411081344/tools/bin/../lib/gcc/arm-none-eabi/13.3.1/../../../../arm-none-eabi/lib/thumb/v7e-m+fp/hard\libc_nano.a(libc_a-nano-svfprintf.o)
                0x0800560c                _svfiprintf_r
                0x0800560c                _svfprintf_r
 .text._printf_common
                0x08005804       0xda C:/ST/STM32CubeIDE_1.19.0/STM32CubeIDE/plugins/com.st.stm32cube.ide.mcu.externaltools.gnu-tools-for-stm32.13.3.rel1.win32_1.0.0.202411081344/tools/bin/../lib/gcc/arm-none-eabi/13.3.1/../../../../arm-none-eabi/lib/thumb/v7e-m+fp/hard\libc_nano.a(libc_a-nano-vfprintf_i.o)
                0x08005804                _printf_common
 *fill*         0x080058de        0x2 
 .text._printf_i
                0x080058e0      0x23c C:/ST/STM32CubeIDE_1.19.0/STM32CubeIDE/plugins/com.st.stm32cube.ide.mcu.externaltools.gnu-tools-for-stm32.13.3.rel1.win32_1.0.0.202411081344/tools/bin/../lib/gcc/arm-none-eabi/13.3.1/../../../../arm-none-eabi/lib/thumb/v7e-m+fp/hard\libc_nano.a(libc_a-nano-vfprintf_i.o)
                0x080058e0                _printf_i
 .text.memmove  0x08005b1c       0x34 C:/ST/STM32CubeIDE_1.19.0/STM32CubeIDE/plugins/com.st.stm32cube.ide.mcu.externaltools.gnu-tools-for-stm32.13.3.rel1.win32_1.0.0.202411081344/tools/bin/../lib/gcc/arm-none-eabi/13.3.1/../../../../arm-none-eabi/lib/thumb/v7e-m+fp/hard\libc_nano.a(libc_a-memmove.o)
                0x08005b1c                memmove
 .text._sbrk_r  0x08005b50       0x20 C:/ST/STM32CubeIDE_1.19.0/STM32CubeIDE/plugins/com.st.stm32cube.ide.mcu.externaltools.gnu-tools-for-stm32.13.3.rel1.win32_1.0.0.202411081344/tools/bin/../lib/gcc/arm-none-eabi/13.3.1/../../../../arm-none-eabi/lib/thumb/v7e-m+fp/hard\libc_nano.a(libc_a-sbrkr.o)
                0x08005b50                _sbrk_r
 .text.memcpy   0x08005b70       0x1c C:/ST/STM32CubeIDE_1.19.0/STM32CubeIDE/plugins/com.st.stm32cube.ide.mcu.externaltools.gnu-tools-for-stm32.13.3.rel1.win32_1.0.0.202411081344/tools/bin/../lib/gcc/arm-none-eabi/13.3.1/../../../../arm-none-eabi/lib/thumb/v7e-m+fp/hard\libc_nano.a(libc_a-memcpy-stub.o)
                0x08005b70                memcpy
 .text._realloc_r
                0x08005b8c       0x5c C:/ST/STM32CubeIDE_1.19.0/STM32CubeIDE/plugins/com.st.stm32cube.ide.mcu.externaltools.gnu-tools-for-stm32.13.3.rel1.win32_1.0.0.202411081344/tools/bin/../lib/gcc/arm-none-eabi/13.3.1/../../../../arm-none-eabi/lib/thumb/v7e-m+fp/hard\libc_nano.a(libc_a-reallocr.o)
                0x08005b8c                _realloc_r
 .text._malloc_usable_size_r
                0x08005be8       0x10 C:/ST/STM32CubeIDE_1.19.0/STM32CubeIDE/plugins/com.st.stm32cube.ide.mcu.externaltools.gnu-tools-for-stm32.13.3.rel1.win32_1.0.0.202411081344/tools/bin/../lib/gcc/arm-none-eabi/13.3.1/../../../../arm-none-eabi/lib/thumb/v7e-m+fp/hard\libc_nano.a(libc_a-msizer.o)
                0x08005be8                _malloc_usable_size_r
 *(.glue_7)
 .glue_7        0x08005bf8        0x0 linker stubs
 *(.glue_7t)
 .glue_7t       0x08005bf8        0x0 linker stubs
 *(.eh_frame)
 .eh_frame      0x08005bf8        0x0 C:/ST/STM32CubeIDE_1.19.0/STM32CubeIDE/plugins/com.st.stm32cube.ide.mcu.externaltools.gnu-tools-for-stm32.13.3.rel1.win32_1.0.0.202411081344/tools/bin/../lib/gcc/arm-none-eabi/13.3.1/thumb/v7e-m+fp/hard/crtbegin.o
 *(.init)
 .init          0x08005bf8        0x4 C:/ST/STM32CubeIDE_1.19.0/STM32CubeIDE/plugins/com.st.stm32cube.ide.mcu.externaltools.gnu-tools-for-stm32.13.3.rel1.win32_1.0.0.202411081344/tools/bin/../lib/gcc/arm-none-eabi/13.3.1/thumb/v7e-m+fp/hard/crti.o
                0x08005bf8                _init
 .init          0x08005bfc        0x8 C:/ST/STM32CubeIDE_1.19.0/STM32CubeIDE/plugins/com.st.stm32cube.ide.mcu.externaltools.gnu-tools-for-stm32.13.3.rel1.win32_1.0.0.202411081344/tools/bin/../lib/gcc/arm-none-eabi/13.3.1/thumb/v7e-m+fp/hard/crtn.o
 *(.fini)
 .fini          0x08005c04        0x4 C:/ST/STM32CubeIDE_1.19.0/STM32CubeIDE/plugins/com.st.stm32cube.ide.mcu.externaltools.gnu-tools-for-stm32.13.3.rel1.win32_1.0.0.202411081344/tools/bin/../lib/gcc/arm-none-eabi/13.3.1/thumb/v7e-m+fp/hard/crti.o
                0x08005c04                _fini
 .fini          0x08005c08        0x8 C:/ST/STM32CubeIDE_1.19.0/STM32CubeIDE/plugins/com.st.stm32cube.ide.mcu.externaltools.gnu-tools-for-stm32.13.3.rel1.win32_1.0.0.202411081344/tools/bin/../lib/gcc/arm-none-eabi/13.3.1/thumb/v7e-m+fp/hard/crtn.o
                0x08005c10                        . = ALIGN (0x4)
                0x08005c10                        _etext = .

.vfp11_veneer   0x08005c10        0x0
 .vfp11_veneer  0x08005c10        0x0 linker stubs

.v4_bx          0x08005c10        0x0
 .v4_bx         0x08005c10        0x0 linker stubs

.iplt           0x08005c10        0x0
 .iplt          0x08005c10        0x0 C:/ST/STM32CubeIDE_1.19.0/STM32CubeIDE/plugins/com.st.stm32cube.ide.mcu.externaltools.gnu-tools-for-stm32.13.3.rel1.win32_1.0.0.202411081344/tools/bin/../lib/gcc/arm-none-eabi/13.3.1/thumb/v7e-m+fp/hard/crtbegin.o

.rodata         0x08005c10      0xec8
                0x08005c10                        . = ALIGN (0x4)
 *(.rodata)
 .rodata        0x08005c10      0xe7b ./Core/Src/main.o
 *(.rodata*)
 *fill*         0x08006a8b        0x1 
 .rodata.AHBPrescTable
                0x08006a8c       0x10 ./Core/Src/system_stm32f4xx.o
                0x08006a8c                AHBPrescTable
 .rodata.APBPrescTable
                0x08006a9c        0x8 ./Core/Src/system_stm32f4xx.o
                0x08006a9c                APBPrescTable
 .rodata._svfprintf_r.str1.1
                0x08006aa4       0x33 C:/ST/STM32CubeIDE_1.19.0/STM32CubeIDE/plugins/com.st.stm32cube.ide.mcu.externaltools.gnu-tools-for-stm32.13.3.rel1.win32_1.0.0.202411081344/tools/bin/../lib/gcc/arm-none-eabi/13.3.1/../../../../arm-none-eabi/lib/thumb/v7e-m+fp/hard\libc_nano.a(libc_a-nano-svfprintf.o)
                                 0x11 (size before relaxing)
 .rodata._printf_i.str1.1
                0x08006ad7       0x22 C:/ST/STM32CubeIDE_1.19.0/STM32CubeIDE/plugins/com.st.stm32cube.ide.mcu.externaltools.gnu-tools-for-stm32.13.3.rel1.win32_1.0.0.202411081344/tools/bin/../lib/gcc/arm-none-eabi/13.3.1/../../../../arm-none-eabi/lib/thumb/v7e-m+fp/hard\libc_nano.a(libc_a-nano-vfprintf_i.o)
                0x08006afc                        . = ALIGN (0x4)
 *fill*         0x08006ad7        0x1 

.ARM.extab      0x08006ad8        0x0
                0x08006ad8                        . = ALIGN (0x4)
 *(.ARM.extab* .gnu.linkonce.armextab.*)
                0x08006ad8                        . = ALIGN (0x4)

.ARM            0x08006ad8        0x8
                0x08006ad8                        . = ALIGN (0x4)
                0x08006ad8                        __exidx_start = .
 *(.ARM.exidx*)
 .ARM.exidx     0x08006ad8        0x8 C:/ST/STM32CubeIDE_1.19.0/STM32CubeIDE/plugins/com.st.stm32cube.ide.mcu.externaltools.gnu-tools-for-stm32.13.3.rel1.win32_1.0.0.202411081344/tools/bin/../lib/gcc/arm-none-eabi/13.3.1/../../../../arm-none-eabi/lib/thumb/v7e-m+fp/hard\libc_nano.a(libc_a-memchr.o)
 .ARM.exidx     0x08006ae0        0x0 C:/ST/STM32CubeIDE_1.19.0/STM32CubeIDE/plugins/com.st.stm32cube.ide.mcu.externaltools.gnu-tools-for-stm32.13.3.rel1.win32_1.0.0.202411081344/tools/bin/../lib/gcc/arm-none-eabi/13.3.1/thumb/v7e-m+fp/hard\libgcc.a(_udivmoddi4.o)
                                  0x8 (size before relaxing)
                0x08006ae0                        __exidx_end = .
                0x08006ae0                        . = ALIGN (0x4)

.rel.dyn        0x08006ae0        0x0
 .rel.iplt      0x08006ae0        0x0 C:/ST/STM32CubeIDE_1.19.0/STM32CubeIDE/plugins/com.st.stm32cube.ide.mcu.externaltools.gnu-tools-for-stm32.13.3.rel1.win32_1.0.0.202411081344/tools/bin/../lib/gcc/arm-none-eabi/13.3.1/thumb/v7e-m+fp/hard/crtbegin.o

.preinit_array  0x08006ae0        0x0
                0x08006ae0                        . = ALIGN (0x4)
                0x08006ae0                        PROVIDE (__preinit_array_start = .)
 *(.preinit_array*)
                0x08006ae0                        PROVIDE (__preinit_array_end = .)
                0x08006ae0                        . = ALIGN (0x4)

.init_array     0x08006ae0        0x4
                0x08006ae0                        . = ALIGN (0x4)
                0x08006ae0                        PROVIDE (__init_array_start = .)
 *(SORT_BY_NAME(.init_array.*))
 *(.init_array*)
 .init_array    0x08006ae0        0x4 C:/ST/STM32CubeIDE_1.19.0/STM32CubeIDE/plugins/com.st.stm32cube.ide.mcu.externaltools.gnu-tools-for-stm32.13.3.rel1.win32_1.0.0.202411081344/tools/bin/../lib/gcc/arm-none-eabi/13.3.1/thumb/v7e-m+fp/hard/crtbegin.o
                0x08006ae4                        PROVIDE (__init_array_end = .)
                0x08006ae4                        . = ALIGN (0x4)

.fini_array     0x08006ae4        0x4
                0x08006ae4                        . = ALIGN (0x4)
                [!provide]                        PROVIDE (__fini_array_start = .)
 *(SORT_BY_NAME(.fini_array.*))
 *(.fini_array*)
 .fini_array    0x08006ae4        0x4 C:/ST/STM32CubeIDE_1.19.0/STM32CubeIDE/plugins/com.st.stm32cube.ide.mcu.externaltools.gnu-tools-for-stm32.13.3.rel1.win32_1.0.0.202411081344/tools/bin/../lib/gcc/arm-none-eabi/13.3.1/thumb/v7e-m+fp/hard/crtbegin.o
                [!provide]                        PROVIDE (__fini_array_end = .)
                0x08006ae8                        . = ALIGN (0x4)
                0x08006ae8                        _sidata = LOADADDR (.data)

.data           0x20000000       0xa8 load address 0x08006ae8
                0x20000000                        . = ALIGN (0x4)
                0x20000000                        _sdata = .
 *(.data)
 *(.data*)
 .data.DCM_StoredCANID
                0x20000000        0x2 ./Core/Src/dcm.o
                0x20000000                DCM_StoredCANID
 *fill*         0x20000002        0x2 
 .data.bufsend  0x20000004       0x1e ./Core/Src/main.o
                0x20000004                bufsend
 *fill*         0x20000022        0x2 
 .data.TEST_RDBI_MSG
                0x20000024        0x8 ./Core/Src/main.o
                0x20000024                TEST_RDBI_MSG
 .data.TEST_SECA_SEED_REQ
                0x2000002c        0x8 ./Core/Src/main.o
                0x2000002c                TEST_SECA_SEED_REQ
 .data.TEST_SECA_KEY_SEND
                0x20000034        0x8 ./Core/Src/main.o
                0x20000034                TEST_SECA_KEY_SEND
 .data.TEST_WDBI_MSG
                0x2000003c        0x8 ./Core/Src/main.o
                0x2000003c                TEST_WDBI_MSG
 .data.TEST_SEED_VALUES
                0x20000044        0x6 ./Core/Src/main.o
                0x20000044                TEST_SEED_VALUES
 .data.MANUAL_TEST_MODE
                0x2000004a        0x1 ./Core/Src/main.o
                0x2000004a                MANUAL_TEST_MODE
 *fill*         0x2000004b        0x1 
 .data.SystemCoreClock
                0x2000004c        0x4 ./Core/Src/system_stm32f4xx.o
                0x2000004c                SystemCoreClock
 .data.uwTickPrio
                0x20000050        0x4 ./Drivers/STM32F4xx_HAL_Driver/Src/stm32f4xx_hal.o
                0x20000050                uwTickPrio
 .data.uwTickFreq
                0x20000054        0x1 ./Drivers/STM32F4xx_HAL_Driver/Src/stm32f4xx_hal.o
                0x20000054                uwTickFreq
 *fill*         0x20000055        0x3 
 .data._impure_ptr
                0x20000058        0x4 C:/ST/STM32CubeIDE_1.19.0/STM32CubeIDE/plugins/com.st.stm32cube.ide.mcu.externaltools.gnu-tools-for-stm32.13.3.rel1.win32_1.0.0.202411081344/tools/bin/../lib/gcc/arm-none-eabi/13.3.1/../../../../arm-none-eabi/lib/thumb/v7e-m+fp/hard\libc_nano.a(libc_a-impure.o)
                0x20000058                _impure_ptr
 .data._impure_data
                0x2000005c       0x4c C:/ST/STM32CubeIDE_1.19.0/STM32CubeIDE/plugins/com.st.stm32cube.ide.mcu.externaltools.gnu-tools-for-stm32.13.3.rel1.win32_1.0.0.202411081344/tools/bin/../lib/gcc/arm-none-eabi/13.3.1/../../../../arm-none-eabi/lib/thumb/v7e-m+fp/hard\libc_nano.a(libc_a-impure.o)
                0x2000005c                _impure_data
 *(.RamFunc)
 *(.RamFunc*)
                0x200000a8                        . = ALIGN (0x4)
                0x200000a8                        _edata = .
                0x08006b90                        _siccmram = LOADADDR (.ccmram)

.igot.plt       0x200000a8        0x0 load address 0x08006b90
 .igot.plt      0x200000a8        0x0 C:/ST/STM32CubeIDE_1.19.0/STM32CubeIDE/plugins/com.st.stm32cube.ide.mcu.externaltools.gnu-tools-for-stm32.13.3.rel1.win32_1.0.0.202411081344/tools/bin/../lib/gcc/arm-none-eabi/13.3.1/thumb/v7e-m+fp/hard/crtbegin.o

.ccmram         0x10000000        0x0 load address 0x08006b90
                0x10000000                        . = ALIGN (0x4)
                0x10000000                        _sccmram = .
 *(.ccmram)
 *(.ccmram*)
                0x10000000                        . = ALIGN (0x4)
                0x10000000                        _eccmram = .
                0x10000000                        . = ALIGN (0x4)

.bss            0x200000a8     0x1378
                0x200000a8                        _sbss = .
                0x200000a8                        __bss_start__ = _sbss
 *(.bss)
 .bss           0x200000a8       0x1c C:/ST/STM32CubeIDE_1.19.0/STM32CubeIDE/plugins/com.st.stm32cube.ide.mcu.externaltools.gnu-tools-for-stm32.13.3.rel1.win32_1.0.0.202411081344/tools/bin/../lib/gcc/arm-none-eabi/13.3.1/thumb/v7e-m+fp/hard/crtbegin.o
 *(.bss*)
 .bss.DCM_SecurityLevel1_Unlocked
                0x200000c4        0x1 ./Core/Src/dcm.o
                0x200000c4                DCM_SecurityLevel1_Unlocked
 *fill*         0x200000c5        0x3 
 .bss.DCM_SecurityUnlockTimestamp
                0x200000c8        0x4 ./Core/Src/dcm.o
                0x200000c8                DCM_SecurityUnlockTimestamp
 .bss.DCM_CurrentSeed
                0x200000cc        0x6 ./Core/Src/dcm.o
                0x200000cc                DCM_CurrentSeed
 .bss.CANTP_RxState
                0x200000d2        0x1 ./Core/Src/dcm.o
                0x200000d2                CANTP_RxState
 *fill*         0x200000d3        0x1 
 .bss.CANTP_RxBuffer
                0x200000d4       0x40 ./Core/Src/dcm.o
                0x200000d4                CANTP_RxBuffer
 .bss.CANTP_RxLength
                0x20000114        0x2 ./Core/Src/dcm.o
                0x20000114                CANTP_RxLength
 .bss.CANTP_RxIndex
                0x20000116        0x2 ./Core/Src/dcm.o
                0x20000116                CANTP_RxIndex
 .bss.CANTP_RxSequenceNumber
                0x20000118        0x1 ./Core/Src/dcm.o
                0x20000118                CANTP_RxSequenceNumber
 *fill*         0x20000119        0x3 
 .bss.hcan1     0x2000011c       0x28 ./Core/Src/main.o
                0x2000011c                hcan1
 .bss.hcan2     0x20000144       0x28 ./Core/Src/main.o
                0x20000144                hcan2
 .bss.huart3    0x2000016c       0x44 ./Core/Src/main.o
                0x2000016c                huart3
 .bss.CAN1_pHeader
                0x200001b0       0x18 ./Core/Src/main.o
                0x200001b0                CAN1_pHeader
 .bss.CAN1_pHeaderRx
                0x200001c8       0x1c ./Core/Src/main.o
                0x200001c8                CAN1_pHeaderRx
 .bss.CAN1_sFilterConfig
                0x200001e4       0x28 ./Core/Src/main.o
                0x200001e4                CAN1_sFilterConfig
 .bss.CAN2_pHeader
                0x2000020c       0x18 ./Core/Src/main.o
                0x2000020c                CAN2_pHeader
 .bss.CAN2_pHeaderRx
                0x20000224       0x1c ./Core/Src/main.o
                0x20000224                CAN2_pHeaderRx
 .bss.CAN2_sFilterConfig
                0x20000240       0x28 ./Core/Src/main.o
                0x20000240                CAN2_sFilterConfig
 .bss.CAN2_pTxMailbox
                0x20000268        0x4 ./Core/Src/main.o
                0x20000268                CAN2_pTxMailbox
 .bss.NumBytesReq
                0x2000026c        0x2 ./Core/Src/main.o
                0x2000026c                NumBytesReq
 *fill*         0x2000026e        0x2 
 .bss.REQ_BUFFER
                0x20000270     0x1000 ./Core/Src/main.o
                0x20000270                REQ_BUFFER
 .bss.REQ_1BYTE_DATA
                0x20001270        0x1 ./Core/Src/main.o
                0x20001270                REQ_1BYTE_DATA
 *fill*         0x20001271        0x3 
 .bss.CAN1_DATA_TX
                0x20001274        0x8 ./Core/Src/main.o
                0x20001274                CAN1_DATA_TX
 .bss.CAN1_DATA_RX
                0x2000127c        0x8 ./Core/Src/main.o
                0x2000127c                CAN1_DATA_RX
 .bss.CAN2_DATA_TX
                0x20001284        0x8 ./Core/Src/main.o
                0x20001284                CAN2_DATA_TX
 .bss.CAN2_DATA_RX
                0x2000128c        0x8 ./Core/Src/main.o
                0x2000128c                CAN2_DATA_RX
 .bss.TimeStamp
                0x20001294        0x4 ./Core/Src/main.o
                0x20001294                TimeStamp
 .bss.AUTO_TEST_ENABLED
                0x20001298        0x1 ./Core/Src/main.o
                0x20001298                AUTO_TEST_ENABLED
 *fill*         0x20001299        0x3 
 .bss.HEX_INPUT_BUFFER
                0x2000129c       0x18 ./Core/Src/main.o
                0x2000129c                HEX_INPUT_BUFFER
 .bss.HEX_INPUT_INDEX
                0x200012b4        0x1 ./Core/Src/main.o
                0x200012b4                HEX_INPUT_INDEX
 *fill*         0x200012b5        0x3 
 .bss.HEX_MESSAGE_BUFFER
                0x200012b8        0x8 ./Core/Src/main.o
                0x200012b8                HEX_MESSAGE_BUFFER
 .bss.HEX_INPUT_MODE
                0x200012c0        0x1 ./Core/Src/main.o
                0x200012c0                HEX_INPUT_MODE
 *fill*         0x200012c1        0x3 
 .bss.lastHeartbeat.1
                0x200012c4        0x4 ./Core/Src/main.o
 .bss.lastPracticeTest.0
                0x200012c8        0x4 ./Core/Src/main.o
 .bss.HAL_RCC_CAN1_CLK_ENABLED
                0x200012cc        0x4 ./Core/Src/stm32f4xx_hal_msp.o
 .bss.__sbrk_heap_end
                0x200012d0        0x4 ./Core/Src/sysmem.o
 .bss.uwTick    0x200012d4        0x4 ./Drivers/STM32F4xx_HAL_Driver/Src/stm32f4xx_hal.o
                0x200012d4                uwTick
 .bss.__sf      0x200012d8      0x138 C:/ST/STM32CubeIDE_1.19.0/STM32CubeIDE/plugins/com.st.stm32cube.ide.mcu.externaltools.gnu-tools-for-stm32.13.3.rel1.win32_1.0.0.202411081344/tools/bin/../lib/gcc/arm-none-eabi/13.3.1/../../../../arm-none-eabi/lib/thumb/v7e-m+fp/hard\libc_nano.a(libc_a-findfp.o)
                0x200012d8                __sf
 .bss.errno     0x20001410        0x4 C:/ST/STM32CubeIDE_1.19.0/STM32CubeIDE/plugins/com.st.stm32cube.ide.mcu.externaltools.gnu-tools-for-stm32.13.3.rel1.win32_1.0.0.202411081344/tools/bin/../lib/gcc/arm-none-eabi/13.3.1/../../../../arm-none-eabi/lib/thumb/v7e-m+fp/hard\libc_nano.a(libc_a-reent.o)
                0x20001410                errno
 .bss.__lock___malloc_recursive_mutex
                0x20001414        0x1 C:/ST/STM32CubeIDE_1.19.0/STM32CubeIDE/plugins/com.st.stm32cube.ide.mcu.externaltools.gnu-tools-for-stm32.13.3.rel1.win32_1.0.0.202411081344/tools/bin/../lib/gcc/arm-none-eabi/13.3.1/../../../../arm-none-eabi/lib/thumb/v7e-m+fp/hard\libc_nano.a(libc_a-lock.o)
                0x20001414                __lock___malloc_recursive_mutex
 *fill*         0x20001415        0x3 
 .bss.__malloc_sbrk_start
                0x20001418        0x4 C:/ST/STM32CubeIDE_1.19.0/STM32CubeIDE/plugins/com.st.stm32cube.ide.mcu.externaltools.gnu-tools-for-stm32.13.3.rel1.win32_1.0.0.202411081344/tools/bin/../lib/gcc/arm-none-eabi/13.3.1/../../../../arm-none-eabi/lib/thumb/v7e-m+fp/hard\libc_nano.a(libc_a-mallocr.o)
                0x20001418                __malloc_sbrk_start
 .bss.__malloc_free_list
                0x2000141c        0x4 C:/ST/STM32CubeIDE_1.19.0/STM32CubeIDE/plugins/com.st.stm32cube.ide.mcu.externaltools.gnu-tools-for-stm32.13.3.rel1.win32_1.0.0.202411081344/tools/bin/../lib/gcc/arm-none-eabi/13.3.1/../../../../arm-none-eabi/lib/thumb/v7e-m+fp/hard\libc_nano.a(libc_a-mallocr.o)
                0x2000141c                __malloc_free_list
 *(COMMON)
                0x20001420                        . = ALIGN (0x4)
                0x20001420                        _ebss = .
                0x20001420                        __bss_end__ = _ebss

._user_heap_stack
                0x20001420      0x600
                0x20001420                        . = ALIGN (0x8)
                [!provide]                        PROVIDE (end = .)
                0x20001420                        PROVIDE (_end = .)
                0x20001620                        . = (. + _Min_Heap_Size)
 *fill*         0x20001420      0x200 
                0x20001a20                        . = (. + _Min_Stack_Size)
 *fill*         0x20001620      0x400 
                0x20001a20                        . = ALIGN (0x8)

/DISCARD/
 libc.a(*)
 libm.a(*)
 libgcc.a(*)

.ARM.attributes
                0x00000000       0x30
 *(.ARM.attributes)
 .ARM.attributes
                0x00000000       0x22 C:/ST/STM32CubeIDE_1.19.0/STM32CubeIDE/plugins/com.st.stm32cube.ide.mcu.externaltools.gnu-tools-for-stm32.13.3.rel1.win32_1.0.0.202411081344/tools/bin/../lib/gcc/arm-none-eabi/13.3.1/thumb/v7e-m+fp/hard/crti.o
 .ARM.attributes
                0x00000022       0x34 C:/ST/STM32CubeIDE_1.19.0/STM32CubeIDE/plugins/com.st.stm32cube.ide.mcu.externaltools.gnu-tools-for-stm32.13.3.rel1.win32_1.0.0.202411081344/tools/bin/../lib/gcc/arm-none-eabi/13.3.1/thumb/v7e-m+fp/hard/crtbegin.o
 .ARM.attributes
                0x00000056       0x34 ./Core/Src/dcm.o
 .ARM.attributes
                0x0000008a       0x34 ./Core/Src/dcm_rdbi.o
 .ARM.attributes
                0x000000be       0x34 ./Core/Src/dcm_seca.o
 .ARM.attributes
                0x000000f2       0x34 ./Core/Src/dcm_wdbi.o
 .ARM.attributes
                0x00000126       0x34 ./Core/Src/main.o
 .ARM.attributes
                0x0000015a       0x34 ./Core/Src/stm32f4xx_hal_msp.o
 .ARM.attributes
                0x0000018e       0x34 ./Core/Src/stm32f4xx_it.o
 .ARM.attributes
                0x000001c2       0x34 ./Core/Src/sysmem.o
 .ARM.attributes
                0x000001f6       0x34 ./Core/Src/system_stm32f4xx.o
 .ARM.attributes
                0x0000022a       0x21 ./Core/Startup/startup_stm32f405rgtx.o
 .ARM.attributes
                0x0000024b       0x34 ./Drivers/STM32F4xx_HAL_Driver/Src/stm32f4xx_hal.o
 .ARM.attributes
                0x0000027f       0x34 ./Drivers/STM32F4xx_HAL_Driver/Src/stm32f4xx_hal_can.o
 .ARM.attributes
                0x000002b3       0x34 ./Drivers/STM32F4xx_HAL_Driver/Src/stm32f4xx_hal_cortex.o
 .ARM.attributes
                0x000002e7       0x34 ./Drivers/STM32F4xx_HAL_Driver/Src/stm32f4xx_hal_dma.o
 .ARM.attributes
                0x0000031b       0x34 ./Drivers/STM32F4xx_HAL_Driver/Src/stm32f4xx_hal_gpio.o
 .ARM.attributes
                0x0000034f       0x34 ./Drivers/STM32F4xx_HAL_Driver/Src/stm32f4xx_hal_rcc.o
 .ARM.attributes
                0x00000383       0x34 ./Drivers/STM32F4xx_HAL_Driver/Src/stm32f4xx_hal_uart.o
 .ARM.attributes
                0x000003b7       0x34 C:/ST/STM32CubeIDE_1.19.0/STM32CubeIDE/plugins/com.st.stm32cube.ide.mcu.externaltools.gnu-tools-for-stm32.13.3.rel1.win32_1.0.0.202411081344/tools/bin/../lib/gcc/arm-none-eabi/13.3.1/../../../../arm-none-eabi/lib/thumb/v7e-m+fp/hard\libc_nano.a(libc_a-findfp.o)
 .ARM.attributes
                0x000003eb       0x34 C:/ST/STM32CubeIDE_1.19.0/STM32CubeIDE/plugins/com.st.stm32cube.ide.mcu.externaltools.gnu-tools-for-stm32.13.3.rel1.win32_1.0.0.202411081344/tools/bin/../lib/gcc/arm-none-eabi/13.3.1/../../../../arm-none-eabi/lib/thumb/v7e-m+fp/hard\libc_nano.a(libc_a-sprintf.o)
 .ARM.attributes
                0x0000041f       0x34 C:/ST/STM32CubeIDE_1.19.0/STM32CubeIDE/plugins/com.st.stm32cube.ide.mcu.externaltools.gnu-tools-for-stm32.13.3.rel1.win32_1.0.0.202411081344/tools/bin/../lib/gcc/arm-none-eabi/13.3.1/../../../../arm-none-eabi/lib/thumb/v7e-m+fp/hard\libc_nano.a(libc_a-memset.o)
 .ARM.attributes
                0x00000453       0x34 C:/ST/STM32CubeIDE_1.19.0/STM32CubeIDE/plugins/com.st.stm32cube.ide.mcu.externaltools.gnu-tools-for-stm32.13.3.rel1.win32_1.0.0.202411081344/tools/bin/../lib/gcc/arm-none-eabi/13.3.1/../../../../arm-none-eabi/lib/thumb/v7e-m+fp/hard\libc_nano.a(libc_a-reent.o)
 .ARM.attributes
                0x00000487       0x34 C:/ST/STM32CubeIDE_1.19.0/STM32CubeIDE/plugins/com.st.stm32cube.ide.mcu.externaltools.gnu-tools-for-stm32.13.3.rel1.win32_1.0.0.202411081344/tools/bin/../lib/gcc/arm-none-eabi/13.3.1/../../../../arm-none-eabi/lib/thumb/v7e-m+fp/hard\libc_nano.a(libc_a-impure.o)
 .ARM.attributes
                0x000004bb       0x34 C:/ST/STM32CubeIDE_1.19.0/STM32CubeIDE/plugins/com.st.stm32cube.ide.mcu.externaltools.gnu-tools-for-stm32.13.3.rel1.win32_1.0.0.202411081344/tools/bin/../lib/gcc/arm-none-eabi/13.3.1/../../../../arm-none-eabi/lib/thumb/v7e-m+fp/hard\libc_nano.a(libc_a-errno.o)
 .ARM.attributes
                0x000004ef       0x34 C:/ST/STM32CubeIDE_1.19.0/STM32CubeIDE/plugins/com.st.stm32cube.ide.mcu.externaltools.gnu-tools-for-stm32.13.3.rel1.win32_1.0.0.202411081344/tools/bin/../lib/gcc/arm-none-eabi/13.3.1/../../../../arm-none-eabi/lib/thumb/v7e-m+fp/hard\libc_nano.a(libc_a-init.o)
 .ARM.attributes
                0x00000523       0x34 C:/ST/STM32CubeIDE_1.19.0/STM32CubeIDE/plugins/com.st.stm32cube.ide.mcu.externaltools.gnu-tools-for-stm32.13.3.rel1.win32_1.0.0.202411081344/tools/bin/../lib/gcc/arm-none-eabi/13.3.1/../../../../arm-none-eabi/lib/thumb/v7e-m+fp/hard\libc_nano.a(libc_a-lock.o)
 .ARM.attributes
                0x00000557       0x34 C:/ST/STM32CubeIDE_1.19.0/STM32CubeIDE/plugins/com.st.stm32cube.ide.mcu.externaltools.gnu-tools-for-stm32.13.3.rel1.win32_1.0.0.202411081344/tools/bin/../lib/gcc/arm-none-eabi/13.3.1/../../../../arm-none-eabi/lib/thumb/v7e-m+fp/hard\libc_nano.a(libc_a-freer.o)
 .ARM.attributes
                0x0000058b       0x34 C:/ST/STM32CubeIDE_1.19.0/STM32CubeIDE/plugins/com.st.stm32cube.ide.mcu.externaltools.gnu-tools-for-stm32.13.3.rel1.win32_1.0.0.202411081344/tools/bin/../lib/gcc/arm-none-eabi/13.3.1/../../../../arm-none-eabi/lib/thumb/v7e-m+fp/hard\libc_nano.a(libc_a-mallocr.o)
 .ARM.attributes
                0x000005bf       0x34 C:/ST/STM32CubeIDE_1.19.0/STM32CubeIDE/plugins/com.st.stm32cube.ide.mcu.externaltools.gnu-tools-for-stm32.13.3.rel1.win32_1.0.0.202411081344/tools/bin/../lib/gcc/arm-none-eabi/13.3.1/../../../../arm-none-eabi/lib/thumb/v7e-m+fp/hard\libc_nano.a(libc_a-mlock.o)
 .ARM.attributes
                0x000005f3       0x34 C:/ST/STM32CubeIDE_1.19.0/STM32CubeIDE/plugins/com.st.stm32cube.ide.mcu.externaltools.gnu-tools-for-stm32.13.3.rel1.win32_1.0.0.202411081344/tools/bin/../lib/gcc/arm-none-eabi/13.3.1/../../../../arm-none-eabi/lib/thumb/v7e-m+fp/hard\libc_nano.a(libc_a-nano-svfprintf.o)
 .ARM.attributes
                0x00000627       0x34 C:/ST/STM32CubeIDE_1.19.0/STM32CubeIDE/plugins/com.st.stm32cube.ide.mcu.externaltools.gnu-tools-for-stm32.13.3.rel1.win32_1.0.0.202411081344/tools/bin/../lib/gcc/arm-none-eabi/13.3.1/../../../../arm-none-eabi/lib/thumb/v7e-m+fp/hard\libc_nano.a(libc_a-nano-vfprintf_i.o)
 .ARM.attributes
                0x0000065b       0x34 C:/ST/STM32CubeIDE_1.19.0/STM32CubeIDE/plugins/com.st.stm32cube.ide.mcu.externaltools.gnu-tools-for-stm32.13.3.rel1.win32_1.0.0.202411081344/tools/bin/../lib/gcc/arm-none-eabi/13.3.1/../../../../arm-none-eabi/lib/thumb/v7e-m+fp/hard\libc_nano.a(libc_a-memmove.o)
 .ARM.attributes
                0x0000068f       0x34 C:/ST/STM32CubeIDE_1.19.0/STM32CubeIDE/plugins/com.st.stm32cube.ide.mcu.externaltools.gnu-tools-for-stm32.13.3.rel1.win32_1.0.0.202411081344/tools/bin/../lib/gcc/arm-none-eabi/13.3.1/../../../../arm-none-eabi/lib/thumb/v7e-m+fp/hard\libc_nano.a(libc_a-sbrkr.o)
 .ARM.attributes
                0x000006c3       0x1c C:/ST/STM32CubeIDE_1.19.0/STM32CubeIDE/plugins/com.st.stm32cube.ide.mcu.externaltools.gnu-tools-for-stm32.13.3.rel1.win32_1.0.0.202411081344/tools/bin/../lib/gcc/arm-none-eabi/13.3.1/../../../../arm-none-eabi/lib/thumb/v7e-m+fp/hard\libc_nano.a(libc_a-memchr.o)
 .ARM.attributes
                0x000006df       0x34 C:/ST/STM32CubeIDE_1.19.0/STM32CubeIDE/plugins/com.st.stm32cube.ide.mcu.externaltools.gnu-tools-for-stm32.13.3.rel1.win32_1.0.0.202411081344/tools/bin/../lib/gcc/arm-none-eabi/13.3.1/../../../../arm-none-eabi/lib/thumb/v7e-m+fp/hard\libc_nano.a(libc_a-memcpy-stub.o)
 .ARM.attributes
                0x00000713       0x34 C:/ST/STM32CubeIDE_1.19.0/STM32CubeIDE/plugins/com.st.stm32cube.ide.mcu.externaltools.gnu-tools-for-stm32.13.3.rel1.win32_1.0.0.202411081344/tools/bin/../lib/gcc/arm-none-eabi/13.3.1/../../../../arm-none-eabi/lib/thumb/v7e-m+fp/hard\libc_nano.a(libc_a-reallocr.o)
 .ARM.attributes
                0x00000747       0x34 C:/ST/STM32CubeIDE_1.19.0/STM32CubeIDE/plugins/com.st.stm32cube.ide.mcu.externaltools.gnu-tools-for-stm32.13.3.rel1.win32_1.0.0.202411081344/tools/bin/../lib/gcc/arm-none-eabi/13.3.1/../../../../arm-none-eabi/lib/thumb/v7e-m+fp/hard\libc_nano.a(libc_a-msizer.o)
 .ARM.attributes
                0x0000077b       0x22 C:/ST/STM32CubeIDE_1.19.0/STM32CubeIDE/plugins/com.st.stm32cube.ide.mcu.externaltools.gnu-tools-for-stm32.13.3.rel1.win32_1.0.0.202411081344/tools/bin/../lib/gcc/arm-none-eabi/13.3.1/thumb/v7e-m+fp/hard\libgcc.a(_aeabi_uldivmod.o)
 .ARM.attributes
                0x0000079d       0x34 C:/ST/STM32CubeIDE_1.19.0/STM32CubeIDE/plugins/com.st.stm32cube.ide.mcu.externaltools.gnu-tools-for-stm32.13.3.rel1.win32_1.0.0.202411081344/tools/bin/../lib/gcc/arm-none-eabi/13.3.1/thumb/v7e-m+fp/hard\libgcc.a(_udivmoddi4.o)
 .ARM.attributes
                0x000007d1       0x22 C:/ST/STM32CubeIDE_1.19.0/STM32CubeIDE/plugins/com.st.stm32cube.ide.mcu.externaltools.gnu-tools-for-stm32.13.3.rel1.win32_1.0.0.202411081344/tools/bin/../lib/gcc/arm-none-eabi/13.3.1/thumb/v7e-m+fp/hard\libgcc.a(_dvmd_tls.o)
 .ARM.attributes
                0x000007f3       0x22 C:/ST/STM32CubeIDE_1.19.0/STM32CubeIDE/plugins/com.st.stm32cube.ide.mcu.externaltools.gnu-tools-for-stm32.13.3.rel1.win32_1.0.0.202411081344/tools/bin/../lib/gcc/arm-none-eabi/13.3.1/thumb/v7e-m+fp/hard/crtn.o
OUTPUT(BEA_CAN2CAN_DEMO_TEN1HC_HUST.elf elf32-littlearm)
LOAD linker stubs
LOAD C:/ST/STM32CubeIDE_1.19.0/STM32CubeIDE/plugins/com.st.stm32cube.ide.mcu.externaltools.gnu-tools-for-stm32.13.3.rel1.win32_1.0.0.202411081344/tools/bin/../lib/gcc/arm-none-eabi/13.3.1/../../../../arm-none-eabi/lib/thumb/v7e-m+fp/hard\libc.a
LOAD C:/ST/STM32CubeIDE_1.19.0/STM32CubeIDE/plugins/com.st.stm32cube.ide.mcu.externaltools.gnu-tools-for-stm32.13.3.rel1.win32_1.0.0.202411081344/tools/bin/../lib/gcc/arm-none-eabi/13.3.1/../../../../arm-none-eabi/lib/thumb/v7e-m+fp/hard\libm.a
LOAD C:/ST/STM32CubeIDE_1.19.0/STM32CubeIDE/plugins/com.st.stm32cube.ide.mcu.externaltools.gnu-tools-for-stm32.13.3.rel1.win32_1.0.0.202411081344/tools/bin/../lib/gcc/arm-none-eabi/13.3.1/thumb/v7e-m+fp/hard\libgcc.a

.debug_info     0x00000000     0xbdac
 .debug_info    0x00000000      0xaf7 ./Core/Src/dcm.o
 .debug_info    0x00000af7      0x1e6 ./Core/Src/dcm_rdbi.o
 .debug_info    0x00000cdd      0x3a7 ./Core/Src/dcm_seca.o
 .debug_info    0x00001084      0x193 ./Core/Src/dcm_wdbi.o
 .debug_info    0x00001217     0x1b68 ./Core/Src/main.o
 .debug_info    0x00002d7f     0x1001 ./Core/Src/stm32f4xx_hal_msp.o
 .debug_info    0x00003d80      0xbff ./Core/Src/stm32f4xx_it.o
 .debug_info    0x0000497f      0x168 ./Core/Src/sysmem.o
 .debug_info    0x00004ae7      0x512 ./Core/Src/system_stm32f4xx.o
 .debug_info    0x00004ff9       0x30 ./Core/Startup/startup_stm32f405rgtx.o
 .debug_info    0x00005029      0x936 ./Drivers/STM32F4xx_HAL_Driver/Src/stm32f4xx_hal.o
 .debug_info    0x0000595f      0xf06 ./Drivers/STM32F4xx_HAL_Driver/Src/stm32f4xx_hal_can.o
 .debug_info    0x00006865      0xd34 ./Drivers/STM32F4xx_HAL_Driver/Src/stm32f4xx_hal_cortex.o
 .debug_info    0x00007599      0x8e7 ./Drivers/STM32F4xx_HAL_Driver/Src/stm32f4xx_hal_dma.o
 .debug_info    0x00007e80      0x6c3 ./Drivers/STM32F4xx_HAL_Driver/Src/stm32f4xx_hal_gpio.o
 .debug_info    0x00008543      0x8b1 ./Drivers/STM32F4xx_HAL_Driver/Src/stm32f4xx_hal_rcc.o
 .debug_info    0x00008df4     0x2fb8 ./Drivers/STM32F4xx_HAL_Driver/Src/stm32f4xx_hal_uart.o

.debug_abbrev   0x00000000     0x21dd
 .debug_abbrev  0x00000000      0x2d8 ./Core/Src/dcm.o
 .debug_abbrev  0x000002d8      0x114 ./Core/Src/dcm_rdbi.o
 .debug_abbrev  0x000003ec      0x1c5 ./Core/Src/dcm_seca.o
 .debug_abbrev  0x000005b1       0xf4 ./Core/Src/dcm_wdbi.o
 .debug_abbrev  0x000006a5      0x391 ./Core/Src/main.o
 .debug_abbrev  0x00000a36      0x229 ./Core/Src/stm32f4xx_hal_msp.o
 .debug_abbrev  0x00000c5f      0x228 ./Core/Src/stm32f4xx_it.o
 .debug_abbrev  0x00000e87       0xbc ./Core/Src/sysmem.o
 .debug_abbrev  0x00000f43      0x11a ./Core/Src/system_stm32f4xx.o
 .debug_abbrev  0x0000105d       0x24 ./Core/Startup/startup_stm32f405rgtx.o
 .debug_abbrev  0x00001081      0x213 ./Drivers/STM32F4xx_HAL_Driver/Src/stm32f4xx_hal.o
 .debug_abbrev  0x00001294      0x226 ./Drivers/STM32F4xx_HAL_Driver/Src/stm32f4xx_hal_can.o
 .debug_abbrev  0x000014ba      0x327 ./Drivers/STM32F4xx_HAL_Driver/Src/stm32f4xx_hal_cortex.o
 .debug_abbrev  0x000017e1      0x264 ./Drivers/STM32F4xx_HAL_Driver/Src/stm32f4xx_hal_dma.o
 .debug_abbrev  0x00001a45      0x1d4 ./Drivers/STM32F4xx_HAL_Driver/Src/stm32f4xx_hal_gpio.o
 .debug_abbrev  0x00001c19      0x2b6 ./Drivers/STM32F4xx_HAL_Driver/Src/stm32f4xx_hal_rcc.o
 .debug_abbrev  0x00001ecf      0x30e ./Drivers/STM32F4xx_HAL_Driver/Src/stm32f4xx_hal_uart.o

.debug_aranges  0x00000000      0x9d0
 .debug_aranges
                0x00000000       0x70 ./Core/Src/dcm.o
 .debug_aranges
                0x00000070       0x28 ./Core/Src/dcm_rdbi.o
 .debug_aranges
                0x00000098       0x48 ./Core/Src/dcm_seca.o
 .debug_aranges
                0x000000e0       0x28 ./Core/Src/dcm_wdbi.o
 .debug_aranges
                0x00000108       0xe8 ./Core/Src/main.o
 .debug_aranges
                0x000001f0       0x40 ./Core/Src/stm32f4xx_hal_msp.o
 .debug_aranges
                0x00000230       0x80 ./Core/Src/stm32f4xx_it.o
 .debug_aranges
                0x000002b0       0x20 ./Core/Src/sysmem.o
 .debug_aranges
                0x000002d0       0x28 ./Core/Src/system_stm32f4xx.o
 .debug_aranges
                0x000002f8       0x28 ./Core/Startup/startup_stm32f405rgtx.o
 .debug_aranges
                0x00000320       0xf0 ./Drivers/STM32F4xx_HAL_Driver/Src/stm32f4xx_hal.o
 .debug_aranges
                0x00000410      0x138 ./Drivers/STM32F4xx_HAL_Driver/Src/stm32f4xx_hal_can.o
 .debug_aranges
                0x00000548      0x118 ./Drivers/STM32F4xx_HAL_Driver/Src/stm32f4xx_hal_cortex.o
 .debug_aranges
                0x00000660       0x90 ./Drivers/STM32F4xx_HAL_Driver/Src/stm32f4xx_hal_dma.o
 .debug_aranges
                0x000006f0       0x58 ./Drivers/STM32F4xx_HAL_Driver/Src/stm32f4xx_hal_gpio.o
 .debug_aranges
                0x00000748       0x88 ./Drivers/STM32F4xx_HAL_Driver/Src/stm32f4xx_hal_rcc.o
 .debug_aranges
                0x000007d0      0x200 ./Drivers/STM32F4xx_HAL_Driver/Src/stm32f4xx_hal_uart.o

.debug_rnglists
                0x00000000      0x775
 .debug_rnglists
                0x00000000       0x53 ./Core/Src/dcm.o
 .debug_rnglists
                0x00000053       0x19 ./Core/Src/dcm_rdbi.o
 .debug_rnglists
                0x0000006c       0x33 ./Core/Src/dcm_seca.o
 .debug_rnglists
                0x0000009f       0x1a ./Core/Src/dcm_wdbi.o
 .debug_rnglists
                0x000000b9       0xb6 ./Core/Src/main.o
 .debug_rnglists
                0x0000016f       0x2e ./Core/Src/stm32f4xx_hal_msp.o
 .debug_rnglists
                0x0000019d       0x5b ./Core/Src/stm32f4xx_it.o
 .debug_rnglists
                0x000001f8       0x13 ./Core/Src/sysmem.o
 .debug_rnglists
                0x0000020b       0x1a ./Core/Src/system_stm32f4xx.o
 .debug_rnglists
                0x00000225       0x19 ./Core/Startup/startup_stm32f405rgtx.o
 .debug_rnglists
                0x0000023e       0xaf ./Drivers/STM32F4xx_HAL_Driver/Src/stm32f4xx_hal.o
 .debug_rnglists
                0x000002ed       0xee ./Drivers/STM32F4xx_HAL_Driver/Src/stm32f4xx_hal_can.o
 .debug_rnglists
                0x000003db       0xce ./Drivers/STM32F4xx_HAL_Driver/Src/stm32f4xx_hal_cortex.o
 .debug_rnglists
                0x000004a9       0x70 ./Drivers/STM32F4xx_HAL_Driver/Src/stm32f4xx_hal_dma.o
 .debug_rnglists
                0x00000519       0x3f ./Drivers/STM32F4xx_HAL_Driver/Src/stm32f4xx_hal_gpio.o
 .debug_rnglists
                0x00000558       0x66 ./Drivers/STM32F4xx_HAL_Driver/Src/stm32f4xx_hal_rcc.o
 .debug_rnglists
                0x000005be      0x1b7 ./Drivers/STM32F4xx_HAL_Driver/Src/stm32f4xx_hal_uart.o

.debug_macro    0x00000000    0x1fc76
 .debug_macro   0x00000000      0x34a ./Core/Src/dcm.o
 .debug_macro   0x0000034a      0xad8 ./Core/Src/dcm.o
 .debug_macro   0x00000e22      0x29b ./Core/Src/dcm.o
 .debug_macro   0x000010bd       0x2e ./Core/Src/dcm.o
 .debug_macro   0x000010eb       0x2f ./Core/Src/dcm.o
 .debug_macro   0x0000111a       0x22 ./Core/Src/dcm.o
 .debug_macro   0x0000113c       0x8e ./Core/Src/dcm.o
 .debug_macro   0x000011ca       0x51 ./Core/Src/dcm.o
 .debug_macro   0x0000121b      0x103 ./Core/Src/dcm.o
 .debug_macro   0x0000131e       0x6a ./Core/Src/dcm.o
 .debug_macro   0x00001388      0x1df ./Core/Src/dcm.o
 .debug_macro   0x00001567       0x1c ./Core/Src/dcm.o
 .debug_macro   0x00001583       0x22 ./Core/Src/dcm.o
 .debug_macro   0x000015a5       0xd9 ./Core/Src/dcm.o
 .debug_macro   0x0000167e     0x102d ./Core/Src/dcm.o
 .debug_macro   0x000026ab      0x11f ./Core/Src/dcm.o
 .debug_macro   0x000027ca    0x1426d ./Core/Src/dcm.o
 .debug_macro   0x00016a37       0x6d ./Core/Src/dcm.o
 .debug_macro   0x00016aa4     0x367e ./Core/Src/dcm.o
 .debug_macro   0x0001a122      0x190 ./Core/Src/dcm.o
 .debug_macro   0x0001a2b2       0x5c ./Core/Src/dcm.o
 .debug_macro   0x0001a30e      0x8a7 ./Core/Src/dcm.o
 .debug_macro   0x0001abb5      0x9fe ./Core/Src/dcm.o
 .debug_macro   0x0001b5b3      0x115 ./Core/Src/dcm.o
 .debug_macro   0x0001b6c8      0x130 ./Core/Src/dcm.o
 .debug_macro   0x0001b7f8       0xa5 ./Core/Src/dcm.o
 .debug_macro   0x0001b89d      0x174 ./Core/Src/dcm.o
 .debug_macro   0x0001ba11      0x287 ./Core/Src/dcm.o
 .debug_macro   0x0001bc98       0x5f ./Core/Src/dcm.o
 .debug_macro   0x0001bcf7      0x236 ./Core/Src/dcm.o
 .debug_macro   0x0001bf2d      0x40f ./Core/Src/dcm.o
 .debug_macro   0x0001c33c      0x12c ./Core/Src/dcm.o
 .debug_macro   0x0001c468      0x21e ./Core/Src/dcm.o
 .debug_macro   0x0001c686       0x2e ./Core/Src/dcm.o
 .debug_macro   0x0001c6b4      0x11a ./Core/Src/dcm.o
 .debug_macro   0x0001c7ce       0x7e ./Core/Src/dcm.o
 .debug_macro   0x0001c84c       0x89 ./Core/Src/dcm.o
 .debug_macro   0x0001c8d5      0x295 ./Core/Src/dcm.o
 .debug_macro   0x0001cb6a      0x12d ./Core/Src/dcm.o
 .debug_macro   0x0001cc97       0x61 ./Core/Src/dcm.o
 .debug_macro   0x0001ccf8       0x2a ./Core/Src/dcm.o
 .debug_macro   0x0001cd22       0x43 ./Core/Src/dcm.o
 .debug_macro   0x0001cd65       0x34 ./Core/Src/dcm.o
 .debug_macro   0x0001cd99       0x16 ./Core/Src/dcm.o
 .debug_macro   0x0001cdaf       0x3c ./Core/Src/dcm.o
 .debug_macro   0x0001cdeb      0x370 ./Core/Src/dcm.o
 .debug_macro   0x0001d15b       0x10 ./Core/Src/dcm.o
 .debug_macro   0x0001d16b       0x16 ./Core/Src/dcm.o
 .debug_macro   0x0001d181       0x4a ./Core/Src/dcm.o
 .debug_macro   0x0001d1cb       0x34 ./Core/Src/dcm.o
 .debug_macro   0x0001d1ff       0x10 ./Core/Src/dcm.o
 .debug_macro   0x0001d20f       0x58 ./Core/Src/dcm.o
 .debug_macro   0x0001d267       0x8e ./Core/Src/dcm.o
 .debug_macro   0x0001d2f5       0x1c ./Core/Src/dcm.o
 .debug_macro   0x0001d311      0x185 ./Core/Src/dcm.o
 .debug_macro   0x0001d496       0x16 ./Core/Src/dcm.o
 .debug_macro   0x0001d4ac       0x16 ./Core/Src/dcm.o
 .debug_macro   0x0001d4c2      0x146 ./Core/Src/dcm.o
 .debug_macro   0x0001d608       0x16 ./Core/Src/dcm.o
 .debug_macro   0x0001d61e       0x16 ./Core/Src/dcm.o
 .debug_macro   0x0001d634       0x29 ./Core/Src/dcm.o
 .debug_macro   0x0001d65d       0x16 ./Core/Src/dcm.o
 .debug_macro   0x0001d673       0x20 ./Core/Src/dcm.o
 .debug_macro   0x0001d693       0x28 ./Core/Src/dcm.o
 .debug_macro   0x0001d6bb       0x64 ./Core/Src/dcm.o
 .debug_macro   0x0001d71f      0x336 ./Core/Src/dcm_rdbi.o
 .debug_macro   0x0001da55      0x336 ./Core/Src/dcm_seca.o
 .debug_macro   0x0001dd8b      0x336 ./Core/Src/dcm_wdbi.o
 .debug_macro   0x0001e0c1      0x330 ./Core/Src/main.o
 .debug_macro   0x0001e3f1      0x32c ./Core/Src/stm32f4xx_hal_msp.o
 .debug_macro   0x0001e71d      0x352 ./Core/Src/stm32f4xx_it.o
 .debug_macro   0x0001ea6f      0x112 ./Core/Src/sysmem.o
 .debug_macro   0x0001eb81      0x23c ./Core/Src/sysmem.o
 .debug_macro   0x0001edbd      0x1c4 ./Core/Src/system_stm32f4xx.o
 .debug_macro   0x0001ef81      0x224 ./Drivers/STM32F4xx_HAL_Driver/Src/stm32f4xx_hal.o
 .debug_macro   0x0001f1a5      0x1cc ./Drivers/STM32F4xx_HAL_Driver/Src/stm32f4xx_hal_can.o
 .debug_macro   0x0001f371      0x1c4 ./Drivers/STM32F4xx_HAL_Driver/Src/stm32f4xx_hal_cortex.o
 .debug_macro   0x0001f535      0x1ca ./Drivers/STM32F4xx_HAL_Driver/Src/stm32f4xx_hal_dma.o
 .debug_macro   0x0001f6ff      0x1ca ./Drivers/STM32F4xx_HAL_Driver/Src/stm32f4xx_hal_gpio.o
 .debug_macro   0x0001f8c9      0x1e8 ./Drivers/STM32F4xx_HAL_Driver/Src/stm32f4xx_hal_rcc.o
 .debug_macro   0x0001fab1      0x1c5 ./Drivers/STM32F4xx_HAL_Driver/Src/stm32f4xx_hal_uart.o

.debug_line     0x00000000     0xd244
 .debug_line    0x00000000      0xbf4 ./Core/Src/dcm.o
 .debug_line    0x00000bf4      0x939 ./Core/Src/dcm_rdbi.o
 .debug_line    0x0000152d      0xa68 ./Core/Src/dcm_seca.o
 .debug_line    0x00001f95      0x953 ./Core/Src/dcm_wdbi.o
 .debug_line    0x000028e8      0xfe8 ./Core/Src/main.o
 .debug_line    0x000038d0      0x9f1 ./Core/Src/stm32f4xx_hal_msp.o
 .debug_line    0x000042c1      0xa2f ./Core/Src/stm32f4xx_it.o
 .debug_line    0x00004cf0      0x588 ./Core/Src/sysmem.o
 .debug_line    0x00005278      0x7b1 ./Core/Src/system_stm32f4xx.o
 .debug_line    0x00005a29       0x7a ./Core/Startup/startup_stm32f405rgtx.o
 .debug_line    0x00005aa3      0xa1e ./Drivers/STM32F4xx_HAL_Driver/Src/stm32f4xx_hal.o
 .debug_line    0x000064c1     0x11dc ./Drivers/STM32F4xx_HAL_Driver/Src/stm32f4xx_hal_can.o
 .debug_line    0x0000769d      0xca9 ./Drivers/STM32F4xx_HAL_Driver/Src/stm32f4xx_hal_cortex.o
 .debug_line    0x00008346      0xf8a ./Drivers/STM32F4xx_HAL_Driver/Src/stm32f4xx_hal_dma.o
 .debug_line    0x000092d0      0xb76 ./Drivers/STM32F4xx_HAL_Driver/Src/stm32f4xx_hal_gpio.o
 .debug_line    0x00009e46      0xe15 ./Drivers/STM32F4xx_HAL_Driver/Src/stm32f4xx_hal_rcc.o
 .debug_line    0x0000ac5b     0x25e9 ./Drivers/STM32F4xx_HAL_Driver/Src/stm32f4xx_hal_uart.o

.debug_str      0x00000000    0xbb04c
 .debug_str     0x00000000    0xbb04c ./Core/Src/dcm.o
                              0xb8026 (size before relaxing)
 .debug_str     0x000bb04c    0xb7a39 ./Core/Src/dcm_rdbi.o
 .debug_str     0x000bb04c    0xb7b2f ./Core/Src/dcm_seca.o
 .debug_str     0x000bb04c    0xb7a1f ./Core/Src/dcm_wdbi.o
 .debug_str     0x000bb04c    0xb8e80 ./Core/Src/main.o
 .debug_str     0x000bb04c    0xb86cd ./Core/Src/stm32f4xx_hal_msp.o
 .debug_str     0x000bb04c    0xb827b ./Core/Src/stm32f4xx_it.o
 .debug_str     0x000bb04c     0x77b9 ./Core/Src/sysmem.o
 .debug_str     0x000bb04c    0xb3f21 ./Core/Src/system_stm32f4xx.o
 .debug_str     0x000bb04c       0xbb ./Core/Startup/startup_stm32f405rgtx.o
 .debug_str     0x000bb04c    0xb4a84 ./Drivers/STM32F4xx_HAL_Driver/Src/stm32f4xx_hal.o
 .debug_str     0x000bb04c    0xb460d ./Drivers/STM32F4xx_HAL_Driver/Src/stm32f4xx_hal_can.o
 .debug_str     0x000bb04c    0xb47b7 ./Drivers/STM32F4xx_HAL_Driver/Src/stm32f4xx_hal_cortex.o
 .debug_str     0x000bb04c    0xb433b ./Drivers/STM32F4xx_HAL_Driver/Src/stm32f4xx_hal_dma.o
 .debug_str     0x000bb04c    0xb409c ./Drivers/STM32F4xx_HAL_Driver/Src/stm32f4xx_hal_gpio.o
 .debug_str     0x000bb04c    0xb4355 ./Drivers/STM32F4xx_HAL_Driver/Src/stm32f4xx_hal_rcc.o
 .debug_str     0x000bb04c    0xb48f4 ./Drivers/STM32F4xx_HAL_Driver/Src/stm32f4xx_hal_uart.o

.comment        0x00000000       0x43
 .comment       0x00000000       0x43 ./Core/Src/dcm.o
                                 0x44 (size before relaxing)
 .comment       0x00000043       0x44 ./Core/Src/dcm_rdbi.o
 .comment       0x00000043       0x44 ./Core/Src/dcm_seca.o
 .comment       0x00000043       0x44 ./Core/Src/dcm_wdbi.o
 .comment       0x00000043       0x44 ./Core/Src/main.o
 .comment       0x00000043       0x44 ./Core/Src/stm32f4xx_hal_msp.o
 .comment       0x00000043       0x44 ./Core/Src/stm32f4xx_it.o
 .comment       0x00000043       0x44 ./Core/Src/sysmem.o
 .comment       0x00000043       0x44 ./Core/Src/system_stm32f4xx.o
 .comment       0x00000043       0x44 ./Drivers/STM32F4xx_HAL_Driver/Src/stm32f4xx_hal.o
 .comment       0x00000043       0x44 ./Drivers/STM32F4xx_HAL_Driver/Src/stm32f4xx_hal_can.o
 .comment       0x00000043       0x44 ./Drivers/STM32F4xx_HAL_Driver/Src/stm32f4xx_hal_cortex.o
 .comment       0x00000043       0x44 ./Drivers/STM32F4xx_HAL_Driver/Src/stm32f4xx_hal_dma.o
 .comment       0x00000043       0x44 ./Drivers/STM32F4xx_HAL_Driver/Src/stm32f4xx_hal_gpio.o
 .comment       0x00000043       0x44 ./Drivers/STM32F4xx_HAL_Driver/Src/stm32f4xx_hal_rcc.o
 .comment       0x00000043       0x44 ./Drivers/STM32F4xx_HAL_Driver/Src/stm32f4xx_hal_uart.o

.debug_frame    0x00000000     0x2b94
 .debug_frame   0x00000000      0x194 ./Core/Src/dcm.o
 .debug_frame   0x00000194       0x58 ./Core/Src/dcm_rdbi.o
 .debug_frame   0x000001ec       0xf0 ./Core/Src/dcm_seca.o
 .debug_frame   0x000002dc       0x58 ./Core/Src/dcm_wdbi.o
 .debug_frame   0x00000334      0x344 ./Core/Src/main.o
 .debug_frame   0x00000678       0xc8 ./Core/Src/stm32f4xx_hal_msp.o
 .debug_frame   0x00000740      0x174 ./Core/Src/stm32f4xx_it.o
 .debug_frame   0x000008b4       0x34 ./Core/Src/sysmem.o
 .debug_frame   0x000008e8       0x58 ./Core/Src/system_stm32f4xx.o
 .debug_frame   0x00000940      0x374 ./Drivers/STM32F4xx_HAL_Driver/Src/stm32f4xx_hal.o
 .debug_frame   0x00000cb4      0x5a0 ./Drivers/STM32F4xx_HAL_Driver/Src/stm32f4xx_hal_can.o
 .debug_frame   0x00001254      0x498 ./Drivers/STM32F4xx_HAL_Driver/Src/stm32f4xx_hal_cortex.o
 .debug_frame   0x000016ec      0x250 ./Drivers/STM32F4xx_HAL_Driver/Src/stm32f4xx_hal_dma.o
 .debug_frame   0x0000193c      0x14c ./Drivers/STM32F4xx_HAL_Driver/Src/stm32f4xx_hal_gpio.o
 .debug_frame   0x00001a88      0x1f4 ./Drivers/STM32F4xx_HAL_Driver/Src/stm32f4xx_hal_rcc.o
 .debug_frame   0x00001c7c      0x92c ./Drivers/STM32F4xx_HAL_Driver/Src/stm32f4xx_hal_uart.o
 .debug_frame   0x000025a8      0x144 C:/ST/STM32CubeIDE_1.19.0/STM32CubeIDE/plugins/com.st.stm32cube.ide.mcu.externaltools.gnu-tools-for-stm32.13.3.rel1.win32_1.0.0.202411081344/tools/bin/../lib/gcc/arm-none-eabi/13.3.1/../../../../arm-none-eabi/lib/thumb/v7e-m+fp/hard\libc_nano.a(libc_a-findfp.o)
 .debug_frame   0x000026ec       0x74 C:/ST/STM32CubeIDE_1.19.0/STM32CubeIDE/plugins/com.st.stm32cube.ide.mcu.externaltools.gnu-tools-for-stm32.13.3.rel1.win32_1.0.0.202411081344/tools/bin/../lib/gcc/arm-none-eabi/13.3.1/../../../../arm-none-eabi/lib/thumb/v7e-m+fp/hard\libc_nano.a(libc_a-sprintf.o)
 .debug_frame   0x00002760       0x20 C:/ST/STM32CubeIDE_1.19.0/STM32CubeIDE/plugins/com.st.stm32cube.ide.mcu.externaltools.gnu-tools-for-stm32.13.3.rel1.win32_1.0.0.202411081344/tools/bin/../lib/gcc/arm-none-eabi/13.3.1/../../../../arm-none-eabi/lib/thumb/v7e-m+fp/hard\libc_nano.a(libc_a-memset.o)
 .debug_frame   0x00002780       0x38 C:/ST/STM32CubeIDE_1.19.0/STM32CubeIDE/plugins/com.st.stm32cube.ide.mcu.externaltools.gnu-tools-for-stm32.13.3.rel1.win32_1.0.0.202411081344/tools/bin/../lib/gcc/arm-none-eabi/13.3.1/../../../../arm-none-eabi/lib/thumb/v7e-m+fp/hard\libc_nano.a(libc_a-reent.o)
 .debug_frame   0x000027b8       0x20 C:/ST/STM32CubeIDE_1.19.0/STM32CubeIDE/plugins/com.st.stm32cube.ide.mcu.externaltools.gnu-tools-for-stm32.13.3.rel1.win32_1.0.0.202411081344/tools/bin/../lib/gcc/arm-none-eabi/13.3.1/../../../../arm-none-eabi/lib/thumb/v7e-m+fp/hard\libc_nano.a(libc_a-errno.o)
 .debug_frame   0x000027d8       0x2c C:/ST/STM32CubeIDE_1.19.0/STM32CubeIDE/plugins/com.st.stm32cube.ide.mcu.externaltools.gnu-tools-for-stm32.13.3.rel1.win32_1.0.0.202411081344/tools/bin/../lib/gcc/arm-none-eabi/13.3.1/../../../../arm-none-eabi/lib/thumb/v7e-m+fp/hard\libc_nano.a(libc_a-init.o)
 .debug_frame   0x00002804       0xb0 C:/ST/STM32CubeIDE_1.19.0/STM32CubeIDE/plugins/com.st.stm32cube.ide.mcu.externaltools.gnu-tools-for-stm32.13.3.rel1.win32_1.0.0.202411081344/tools/bin/../lib/gcc/arm-none-eabi/13.3.1/../../../../arm-none-eabi/lib/thumb/v7e-m+fp/hard\libc_nano.a(libc_a-lock.o)
 .debug_frame   0x000028b4       0x38 C:/ST/STM32CubeIDE_1.19.0/STM32CubeIDE/plugins/com.st.stm32cube.ide.mcu.externaltools.gnu-tools-for-stm32.13.3.rel1.win32_1.0.0.202411081344/tools/bin/../lib/gcc/arm-none-eabi/13.3.1/../../../../arm-none-eabi/lib/thumb/v7e-m+fp/hard\libc_nano.a(libc_a-freer.o)
 .debug_frame   0x000028ec       0x50 C:/ST/STM32CubeIDE_1.19.0/STM32CubeIDE/plugins/com.st.stm32cube.ide.mcu.externaltools.gnu-tools-for-stm32.13.3.rel1.win32_1.0.0.202411081344/tools/bin/../lib/gcc/arm-none-eabi/13.3.1/../../../../arm-none-eabi/lib/thumb/v7e-m+fp/hard\libc_nano.a(libc_a-mallocr.o)
 .debug_frame   0x0000293c       0x30 C:/ST/STM32CubeIDE_1.19.0/STM32CubeIDE/plugins/com.st.stm32cube.ide.mcu.externaltools.gnu-tools-for-stm32.13.3.rel1.win32_1.0.0.202411081344/tools/bin/../lib/gcc/arm-none-eabi/13.3.1/../../../../arm-none-eabi/lib/thumb/v7e-m+fp/hard\libc_nano.a(libc_a-mlock.o)
 .debug_frame   0x0000296c       0x90 C:/ST/STM32CubeIDE_1.19.0/STM32CubeIDE/plugins/com.st.stm32cube.ide.mcu.externaltools.gnu-tools-for-stm32.13.3.rel1.win32_1.0.0.202411081344/tools/bin/../lib/gcc/arm-none-eabi/13.3.1/../../../../arm-none-eabi/lib/thumb/v7e-m+fp/hard\libc_nano.a(libc_a-nano-svfprintf.o)
 .debug_frame   0x000029fc       0x60 C:/ST/STM32CubeIDE_1.19.0/STM32CubeIDE/plugins/com.st.stm32cube.ide.mcu.externaltools.gnu-tools-for-stm32.13.3.rel1.win32_1.0.0.202411081344/tools/bin/../lib/gcc/arm-none-eabi/13.3.1/../../../../arm-none-eabi/lib/thumb/v7e-m+fp/hard\libc_nano.a(libc_a-nano-vfprintf_i.o)
 .debug_frame   0x00002a5c       0x28 C:/ST/STM32CubeIDE_1.19.0/STM32CubeIDE/plugins/com.st.stm32cube.ide.mcu.externaltools.gnu-tools-for-stm32.13.3.rel1.win32_1.0.0.202411081344/tools/bin/../lib/gcc/arm-none-eabi/13.3.1/../../../../arm-none-eabi/lib/thumb/v7e-m+fp/hard\libc_nano.a(libc_a-memmove.o)
 .debug_frame   0x00002a84       0x2c C:/ST/STM32CubeIDE_1.19.0/STM32CubeIDE/plugins/com.st.stm32cube.ide.mcu.externaltools.gnu-tools-for-stm32.13.3.rel1.win32_1.0.0.202411081344/tools/bin/../lib/gcc/arm-none-eabi/13.3.1/../../../../arm-none-eabi/lib/thumb/v7e-m+fp/hard\libc_nano.a(libc_a-sbrkr.o)
 .debug_frame   0x00002ab0       0x28 C:/ST/STM32CubeIDE_1.19.0/STM32CubeIDE/plugins/com.st.stm32cube.ide.mcu.externaltools.gnu-tools-for-stm32.13.3.rel1.win32_1.0.0.202411081344/tools/bin/../lib/gcc/arm-none-eabi/13.3.1/../../../../arm-none-eabi/lib/thumb/v7e-m+fp/hard\libc_nano.a(libc_a-memcpy-stub.o)
 .debug_frame   0x00002ad8       0x3c C:/ST/STM32CubeIDE_1.19.0/STM32CubeIDE/plugins/com.st.stm32cube.ide.mcu.externaltools.gnu-tools-for-stm32.13.3.rel1.win32_1.0.0.202411081344/tools/bin/../lib/gcc/arm-none-eabi/13.3.1/../../../../arm-none-eabi/lib/thumb/v7e-m+fp/hard\libc_nano.a(libc_a-reallocr.o)
 .debug_frame   0x00002b14       0x20 C:/ST/STM32CubeIDE_1.19.0/STM32CubeIDE/plugins/com.st.stm32cube.ide.mcu.externaltools.gnu-tools-for-stm32.13.3.rel1.win32_1.0.0.202411081344/tools/bin/../lib/gcc/arm-none-eabi/13.3.1/../../../../arm-none-eabi/lib/thumb/v7e-m+fp/hard\libc_nano.a(libc_a-msizer.o)
 .debug_frame   0x00002b34       0x2c C:/ST/STM32CubeIDE_1.19.0/STM32CubeIDE/plugins/com.st.stm32cube.ide.mcu.externaltools.gnu-tools-for-stm32.13.3.rel1.win32_1.0.0.202411081344/tools/bin/../lib/gcc/arm-none-eabi/13.3.1/thumb/v7e-m+fp/hard\libgcc.a(_aeabi_uldivmod.o)
 .debug_frame   0x00002b60       0x34 C:/ST/STM32CubeIDE_1.19.0/STM32CubeIDE/plugins/com.st.stm32cube.ide.mcu.externaltools.gnu-tools-for-stm32.13.3.rel1.win32_1.0.0.202411081344/tools/bin/../lib/gcc/arm-none-eabi/13.3.1/thumb/v7e-m+fp/hard\libgcc.a(_udivmoddi4.o)

.debug_line_str
                0x00000000       0x9f
 .debug_line_str
                0x00000000       0x9f ./Core/Startup/startup_stm32f405rgtx.o
